2025-01-07 12:56:37,943 INFO     23 ragflow_server log path: /ragflow/logs/ragflow_server.log, log levels: {'peewee': 'WARNING', 'pdfminer': 'WARNING', 'root': 'INFO'}
2025-01-07 12:56:44,575 INFO     23 init database on cluster mode successfully
2025-01-07 12:56:53,565 INFO     23 
        ____   ___    ______ ______ __               
       / __ \ /   |  / ____// ____// /____  _      __
      / /_/ // /| | / / __ / /_   / // __ \| | /| / /
     / _, _// ___ |/ /_/ // __/  / // /_/ /| |/ |/ / 
    /_/ |_|/_/  |_|\____//_/    /_/ \____/ |__/|__/                             

    
2025-01-07 12:56:53,566 INFO     23 RAGFlow version: v0.15.1 slim
2025-01-07 12:56:53,567 INFO     23 project base: /ragflow
2025-01-07 12:56:53,568 INFO     23 Current configs, from /ragflow/conf/service_conf.yaml:
	ragflow: {'host': '0.0.0.0', 'http_port': 9380}
	mysql: {'name': 'rag_flow', 'user': 'root', 'password': '********', 'host': 'mysql', 'port': 3306, 'max_connections': 100, 'stale_timeout': 30}
	minio: {'user': 'rag_flow', 'password': '********', 'host': 'minio:9000'}
	es: {'hosts': 'http://es01:9200', 'username': 'elastic', 'password': '********'}
	infinity: {'uri': 'infinity:23817', 'db_name': 'default_db'}
	redis: {'db': 1, 'password': '********', 'host': 'redis:6379'}
2025-01-07 12:56:53,568 INFO     23 Use Elasticsearch http://es01:9200 as the doc engine.
2025-01-07 12:56:53,654 INFO     23 GET http://es01:9200/ [status:200 duration:0.084s]
2025-01-07 12:56:53,660 INFO     23 HEAD http://es01:9200/ [status:200 duration:0.006s]
2025-01-07 12:56:53,662 INFO     23 Elasticsearch http://es01:9200 is healthy.
2025-01-07 12:56:53,666 WARNING  23 Load term.freq FAIL!
2025-01-07 12:56:53,669 WARNING  23 Realtime synonym is disabled, since no redis connection.
2025-01-07 12:56:53,673 WARNING  23 Load term.freq FAIL!
2025-01-07 12:56:53,676 WARNING  23 Realtime synonym is disabled, since no redis connection.
2025-01-07 12:56:53,676 INFO     23 MAX_CONTENT_LENGTH: 134217728
2025-01-07 12:56:53,676 INFO     23 SERVER_QUEUE_MAX_LEN: 1024
2025-01-07 12:56:53,677 INFO     23 SERVER_QUEUE_RETENTION: 3600
2025-01-07 12:56:53,677 INFO     23 MAX_FILE_COUNT_PER_USER: 0
2025-01-07 12:57:10,443 INFO     23 init web data success:1.5065042972564697
2025-01-07 12:57:10,444 INFO     23 RAGFlow HTTP server start...
2025-01-07 12:57:10,446 INFO     23 [31m[1mWARNING: This is a development server. Do not use it in a production deployment. Use a production WSGI server instead.[0m
 * Running on all addresses (0.0.0.0)
 * Running on http://127.0.0.1:9380
 * Running on http://172.19.0.6:9380
2025-01-07 12:57:10,447 INFO     23 [33mPress CTRL+C to quit[0m
2025-01-07 12:59:45,774 ERROR    23 404 Not Found: The requested URL was not found on the server. If you entered the URL manually please check your spelling and try again.
Traceback (most recent call last):
  File "/ragflow/.venv/lib/python3.10/site-packages/flask/app.py", line 880, in full_dispatch_request
    rv = self.dispatch_request()
  File "/ragflow/.venv/lib/python3.10/site-packages/flask/app.py", line 854, in dispatch_request
    self.raise_routing_exception(req)
  File "/ragflow/.venv/lib/python3.10/site-packages/flask/app.py", line 463, in raise_routing_exception
    raise request.routing_exception  # type: ignore[misc]
  File "/ragflow/.venv/lib/python3.10/site-packages/flask/ctx.py", line 362, in match_request
    result = self.url_adapter.match(return_rule=True)  # type: ignore
  File "/ragflow/.venv/lib/python3.10/site-packages/werkzeug/routing/map.py", line 629, in match
    raise NotFound() from None
werkzeug.exceptions.NotFound: 404 Not Found: The requested URL was not found on the server. If you entered the URL manually please check your spelling and try again.
2025-01-07 12:59:45,779 INFO     23 172.19.0.1 - - [07/Jan/2025 12:59:45] "GET / HTTP/1.1" 200 -
2025-01-07 12:59:45,807 ERROR    23 404 Not Found: The requested URL was not found on the server. If you entered the URL manually please check your spelling and try again.
Traceback (most recent call last):
  File "/ragflow/.venv/lib/python3.10/site-packages/flask/app.py", line 880, in full_dispatch_request
    rv = self.dispatch_request()
  File "/ragflow/.venv/lib/python3.10/site-packages/flask/app.py", line 854, in dispatch_request
    self.raise_routing_exception(req)
  File "/ragflow/.venv/lib/python3.10/site-packages/flask/app.py", line 463, in raise_routing_exception
    raise request.routing_exception  # type: ignore[misc]
  File "/ragflow/.venv/lib/python3.10/site-packages/flask/ctx.py", line 362, in match_request
    result = self.url_adapter.match(return_rule=True)  # type: ignore
  File "/ragflow/.venv/lib/python3.10/site-packages/werkzeug/routing/map.py", line 629, in match
    raise NotFound() from None
werkzeug.exceptions.NotFound: 404 Not Found: The requested URL was not found on the server. If you entered the URL manually please check your spelling and try again.
2025-01-07 12:59:45,809 INFO     23 172.19.0.1 - - [07/Jan/2025 12:59:45] "GET /favicon.ico HTTP/1.1" 200 -
2025-01-08 10:19:30,932 INFO     23 ragflow_server log path: /ragflow/logs/ragflow_server.log, log levels: {'peewee': 'WARNING', 'pdfminer': 'WARNING', 'root': 'INFO'}
2025-01-08 10:19:43,772 INFO     23 init database on cluster mode successfully
2025-01-08 10:19:57,346 INFO     23 
        ____   ___    ______ ______ __               
       / __ \ /   |  / ____// ____// /____  _      __
      / /_/ // /| | / / __ / /_   / // __ \| | /| / /
     / _, _// ___ |/ /_/ // __/  / // /_/ /| |/ |/ / 
    /_/ |_|/_/  |_|\____//_/    /_/ \____/ |__/|__/                             

    
2025-01-08 10:19:57,348 INFO     23 RAGFlow version: v0.15.1 slim
2025-01-08 10:19:57,349 INFO     23 project base: /ragflow
2025-01-08 10:19:57,350 INFO     23 Current configs, from /ragflow/conf/service_conf.yaml:
	ragflow: {'host': '0.0.0.0', 'http_port': 9380}
	mysql: {'name': 'rag_flow', 'user': 'root', 'password': '********', 'host': 'mysql', 'port': 3306, 'max_connections': 100, 'stale_timeout': 30}
	minio: {'user': 'rag_flow', 'password': '********', 'host': 'minio:9000'}
	es: {'hosts': 'http://es01:9200', 'username': 'elastic', 'password': '********'}
	infinity: {'uri': 'infinity:23817', 'db_name': 'default_db'}
	redis: {'db': 1, 'password': '********', 'host': 'redis:6379'}
2025-01-08 10:19:57,350 INFO     23 Use Elasticsearch http://es01:9200 as the doc engine.
2025-01-08 10:19:57,356 INFO     23 GET http://es01:9200/ [status:N/A duration:0.003s]
2025-01-08 10:19:57,357 WARNING  23 Node <Urllib3HttpNode(http://es01:9200)> has failed for 1 times in a row, putting on 1 second timeout
2025-01-08 10:19:57,358 WARNING  23 Retrying request after failure (attempt 0 of 3)
Traceback (most recent call last):
  File "/ragflow/.venv/lib/python3.10/site-packages/elastic_transport/_transport.py", line 328, in perform_request
    meta, raw_data = node.perform_request(
  File "/ragflow/.venv/lib/python3.10/site-packages/elastic_transport/_node/_http_urllib3.py", line 202, in perform_request
    raise err from None
elastic_transport.ConnectionError: Connection error caused by: NewConnectionError(<urllib3.connection.HTTPConnection object at 0x7f2df6adfb50>: Failed to establish a new connection: [Errno 111] Connection refused)
2025-01-08 10:19:57,362 INFO     23 GET http://es01:9200/ [status:N/A duration:0.002s]
2025-01-08 10:19:57,363 WARNING  23 Node <Urllib3HttpNode(http://es01:9200)> has failed for 2 times in a row, putting on 2 second timeout
2025-01-08 10:19:57,364 WARNING  23 Retrying request after failure (attempt 1 of 3)
Traceback (most recent call last):
  File "/ragflow/.venv/lib/python3.10/site-packages/elastic_transport/_transport.py", line 328, in perform_request
    meta, raw_data = node.perform_request(
  File "/ragflow/.venv/lib/python3.10/site-packages/elastic_transport/_node/_http_urllib3.py", line 202, in perform_request
    raise err from None
elastic_transport.ConnectionError: Connection error caused by: NewConnectionError(<urllib3.connection.HTTPConnection object at 0x7f2df6adc1f0>: Failed to establish a new connection: [Errno 111] Connection refused)
2025-01-08 10:19:57,367 INFO     23 GET http://es01:9200/ [status:N/A duration:0.002s]
2025-01-08 10:19:57,368 WARNING  23 Node <Urllib3HttpNode(http://es01:9200)> has failed for 3 times in a row, putting on 4 second timeout
2025-01-08 10:19:57,369 WARNING  23 Retrying request after failure (attempt 2 of 3)
Traceback (most recent call last):
  File "/ragflow/.venv/lib/python3.10/site-packages/elastic_transport/_transport.py", line 328, in perform_request
    meta, raw_data = node.perform_request(
  File "/ragflow/.venv/lib/python3.10/site-packages/elastic_transport/_node/_http_urllib3.py", line 202, in perform_request
    raise err from None
elastic_transport.ConnectionError: Connection error caused by: NewConnectionError(<urllib3.connection.HTTPConnection object at 0x7f2df6adc340>: Failed to establish a new connection: [Errno 111] Connection refused)
2025-01-08 10:19:57,371 INFO     23 GET http://es01:9200/ [status:N/A duration:0.001s]
2025-01-08 10:19:57,373 WARNING  23 Node <Urllib3HttpNode(http://es01:9200)> has failed for 4 times in a row, putting on 8 second timeout
2025-01-08 10:19:57,374 WARNING  23 Connection error caused by: ConnectionError(Connection error caused by: NewConnectionError(<urllib3.connection.HTTPConnection object at 0x7f2df6adfb50>: Failed to establish a new connection: [Errno 111] Connection refused)). Waiting Elasticsearch http://es01:9200 to be healthy.
2025-01-08 10:20:02,458 INFO     23 GET http://es01:9200/ [status:200 duration:0.081s]
2025-01-08 10:20:02,464 INFO     23 HEAD http://es01:9200/ [status:200 duration:0.005s]
2025-01-08 10:20:02,467 INFO     23 Elasticsearch http://es01:9200 is healthy.
2025-01-08 10:20:02,471 WARNING  23 Load term.freq FAIL!
2025-01-08 10:20:02,475 WARNING  23 Realtime synonym is disabled, since no redis connection.
2025-01-08 10:20:02,479 WARNING  23 Load term.freq FAIL!
2025-01-08 10:20:02,484 WARNING  23 Realtime synonym is disabled, since no redis connection.
2025-01-08 10:20:02,484 INFO     23 MAX_CONTENT_LENGTH: 134217728
2025-01-08 10:20:02,485 INFO     23 SERVER_QUEUE_MAX_LEN: 1024
2025-01-08 10:20:02,486 INFO     23 SERVER_QUEUE_RETENTION: 3600
2025-01-08 10:20:02,486 INFO     23 MAX_FILE_COUNT_PER_USER: 0
2025-01-08 10:20:09,945 INFO     23 init web data success:5.990391254425049
2025-01-08 10:20:09,947 INFO     23 RAGFlow HTTP server start...
2025-01-08 10:20:09,955 INFO     23 [31m[1mWARNING: This is a development server. Do not use it in a production deployment. Use a production WSGI server instead.[0m
 * Running on all addresses (0.0.0.0)
 * Running on http://127.0.0.1:9380
 * Running on http://172.19.0.6:9380
2025-01-08 10:20:09,956 INFO     23 [33mPress CTRL+C to quit[0m
2025-01-08 10:22:22,553 ERROR    23 404 Not Found: The requested URL was not found on the server. If you entered the URL manually please check your spelling and try again.
Traceback (most recent call last):
  File "/ragflow/.venv/lib/python3.10/site-packages/flask/app.py", line 880, in full_dispatch_request
    rv = self.dispatch_request()
  File "/ragflow/.venv/lib/python3.10/site-packages/flask/app.py", line 854, in dispatch_request
    self.raise_routing_exception(req)
  File "/ragflow/.venv/lib/python3.10/site-packages/flask/app.py", line 463, in raise_routing_exception
    raise request.routing_exception  # type: ignore[misc]
  File "/ragflow/.venv/lib/python3.10/site-packages/flask/ctx.py", line 362, in match_request
    result = self.url_adapter.match(return_rule=True)  # type: ignore
  File "/ragflow/.venv/lib/python3.10/site-packages/werkzeug/routing/map.py", line 629, in match
    raise NotFound() from None
werkzeug.exceptions.NotFound: 404 Not Found: The requested URL was not found on the server. If you entered the URL manually please check your spelling and try again.
2025-01-08 10:22:22,557 INFO     23 172.19.0.1 - - [08/Jan/2025 10:22:22] "GET / HTTP/1.1" 200 -
2025-01-08 10:22:22,676 ERROR    23 404 Not Found: The requested URL was not found on the server. If you entered the URL manually please check your spelling and try again.
Traceback (most recent call last):
  File "/ragflow/.venv/lib/python3.10/site-packages/flask/app.py", line 880, in full_dispatch_request
    rv = self.dispatch_request()
  File "/ragflow/.venv/lib/python3.10/site-packages/flask/app.py", line 854, in dispatch_request
    self.raise_routing_exception(req)
  File "/ragflow/.venv/lib/python3.10/site-packages/flask/app.py", line 463, in raise_routing_exception
    raise request.routing_exception  # type: ignore[misc]
  File "/ragflow/.venv/lib/python3.10/site-packages/flask/ctx.py", line 362, in match_request
    result = self.url_adapter.match(return_rule=True)  # type: ignore
  File "/ragflow/.venv/lib/python3.10/site-packages/werkzeug/routing/map.py", line 629, in match
    raise NotFound() from None
werkzeug.exceptions.NotFound: 404 Not Found: The requested URL was not found on the server. If you entered the URL manually please check your spelling and try again.
2025-01-08 10:22:22,678 INFO     23 172.19.0.1 - - [08/Jan/2025 10:22:22] "GET /favicon.ico HTTP/1.1" 200 -
2025-01-08 10:28:41,252 INFO     23 172.19.0.6 - - [08/Jan/2025 10:28:41] "POST /v1/user/register HTTP/1.1" 200 -
2025-01-08 10:28:44,213 INFO     23 172.19.0.6 - - [08/Jan/2025 10:28:44] "POST /v1/user/login HTTP/1.1" 200 -
2025-01-08 10:28:44,383 INFO     23 172.19.0.6 - - [08/Jan/2025 10:28:44] "GET /v1/user/info HTTP/1.1" 200 -
2025-01-08 10:28:44,389 INFO     23 172.19.0.6 - - [08/Jan/2025 10:28:44] "GET /v1/kb/list?page=1&page_size=30&keywords= HTTP/1.1" 200 -
2025-01-08 10:28:48,940 INFO     23 172.19.0.6 - - [08/Jan/2025 10:28:48] "GET /v1/system/version HTTP/1.1" 200 -
2025-01-08 10:28:49,051 INFO     23 172.19.0.6 - - [08/Jan/2025 10:28:49] "GET /v1/user/info HTTP/1.1" 200 -
2025-01-08 10:28:53,950 INFO     23 172.19.0.6 - - [08/Jan/2025 10:28:53] "GET /v1/user/info HTTP/1.1" 200 -
2025-01-08 10:28:54,440 INFO     23 172.19.0.6 - - [08/Jan/2025 10:28:54] "GET /v1/user/info HTTP/1.1" 200 -
2025-01-08 10:28:54,445 INFO     23 172.19.0.6 - - [08/Jan/2025 10:28:54] "GET /v1/kb/list?page=1&page_size=30&keywords= HTTP/1.1" 200 -
2025-01-08 10:29:12,767 INFO     23 172.19.0.6 - - [08/Jan/2025 10:29:12] "POST /v1/kb/create HTTP/1.1" 200 -
2025-01-08 10:29:12,843 INFO     23 172.19.0.6 - - [08/Jan/2025 10:29:12] "GET /v1/kb/detail?kb_id=5923c7a8cd6811efb0e00242ac130006 HTTP/1.1" 200 -
2025-01-08 10:29:13,041 INFO     23 172.19.0.6 - - [08/Jan/2025 10:29:13] "GET /v1/user/tenant_info HTTP/1.1" 200 -
2025-01-08 10:29:13,060 INFO     23 172.19.0.6 - - [08/Jan/2025 10:29:13] "GET /v1/kb/detail?kb_id=5923c7a8cd6811efb0e00242ac130006 HTTP/1.1" 200 -
2025-01-08 10:29:13,078 INFO     23 172.19.0.6 - - [08/Jan/2025 10:29:13] "GET /v1/llm/list HTTP/1.1" 200 -
2025-01-08 10:29:16,596 INFO     23 172.19.0.6 - - [08/Jan/2025 10:29:16] "GET /v1/system/version HTTP/1.1" 200 -
2025-01-08 10:29:16,688 INFO     23 172.19.0.6 - - [08/Jan/2025 10:29:16] "GET /v1/llm/my_llms HTTP/1.1" 200 -
2025-01-08 10:29:16,695 INFO     23 172.19.0.6 - - [08/Jan/2025 10:29:16] "GET /v1/user/tenant_info HTTP/1.1" 200 -
2025-01-08 10:29:16,719 INFO     23 172.19.0.6 - - [08/Jan/2025 10:29:16] "GET /v1/llm/factories HTTP/1.1" 200 -
2025-01-08 10:32:24,652 INFO     23 172.19.0.6 - - [08/Jan/2025 10:32:24] "GET /v1/user/info HTTP/1.1" 200 -
2025-01-08 10:32:24,796 INFO     23 172.19.0.6 - - [08/Jan/2025 10:32:24] "GET /v1/user/info HTTP/1.1" 200 -
2025-01-08 10:32:29,351 INFO     23 172.19.0.6 - - [08/Jan/2025 10:32:29] "GET /v1/user/info HTTP/1.1" 200 -
2025-01-08 10:33:18,689 INFO     23 172.19.0.6 - - [08/Jan/2025 10:33:18] "GET /v1/user/info HTTP/1.1" 200 -
2025-01-08 10:33:19,640 INFO     23 172.19.0.6 - - [08/Jan/2025 10:33:19] "GET /v1/user/info HTTP/1.1" 200 -
2025-01-08 10:33:19,647 INFO     23 172.19.0.6 - - [08/Jan/2025 10:33:19] "GET /v1/kb/list?page=1&page_size=30&keywords= HTTP/1.1" 200 -
2025-01-08 10:33:19,674 INFO     23 172.19.0.6 - - [08/Jan/2025 10:33:19] "GET /v1/user/info HTTP/1.1" 200 -
2025-01-08 10:33:21,804 INFO     23 172.19.0.6 - - [08/Jan/2025 10:33:21] "GET /v1/kb/detail?kb_id=5923c7a8cd6811efb0e00242ac130006 HTTP/1.1" 200 -
2025-01-08 10:33:21,867 INFO     23 172.19.0.6 - - [08/Jan/2025 10:33:21] "GET /v1/user/tenant_info HTTP/1.1" 200 -
2025-01-08 10:33:21,872 INFO     23 172.19.0.6 - - [08/Jan/2025 10:33:21] "GET /v1/document/list?kb_id=5923c7a8cd6811efb0e00242ac130006&keywords=&page_size=10&page=1 HTTP/1.1" 200 -
2025-01-08 10:33:23,072 INFO     23 172.19.0.6 - - [08/Jan/2025 10:33:23] "GET /v1/system/version HTTP/1.1" 200 -
2025-01-08 10:33:23,080 INFO     23 172.19.0.6 - - [08/Jan/2025 10:33:23] "GET /v1/user/tenant_info HTTP/1.1" 200 -
2025-01-08 10:33:23,080 INFO     23 172.19.0.6 - - [08/Jan/2025 10:33:23] "GET /v1/llm/my_llms HTTP/1.1" 200 -
2025-01-08 10:33:23,101 INFO     23 172.19.0.6 - - [08/Jan/2025 10:33:23] "GET /v1/llm/factories HTTP/1.1" 200 -
2025-01-08 10:34:20,697 INFO     23 172.19.0.6 - - [08/Jan/2025 10:34:20] "GET /v1/user/info HTTP/1.1" 200 -
2025-01-08 10:34:20,704 INFO     23 172.19.0.6 - - [08/Jan/2025 10:34:20] "GET /v1/user/tenant_info HTTP/1.1" 200 -
2025-01-08 10:34:20,708 INFO     23 172.19.0.6 - - [08/Jan/2025 10:34:20] "GET /v1/llm/my_llms HTTP/1.1" 200 -
2025-01-08 10:34:20,727 INFO     23 172.19.0.6 - - [08/Jan/2025 10:34:20] "GET /v1/llm/factories HTTP/1.1" 200 -
2025-01-08 10:34:24,547 INFO     23 172.19.0.6 - - [08/Jan/2025 10:34:24] "GET /v1/user/info HTTP/1.1" 200 -
2025-01-08 10:34:24,557 INFO     23 172.19.0.6 - - [08/Jan/2025 10:34:24] "GET /v1/user/tenant_info HTTP/1.1" 200 -
2025-01-08 10:34:24,562 INFO     23 172.19.0.6 - - [08/Jan/2025 10:34:24] "GET /v1/llm/my_llms HTTP/1.1" 200 -
2025-01-08 10:34:24,586 INFO     23 172.19.0.6 - - [08/Jan/2025 10:34:24] "GET /v1/llm/factories HTTP/1.1" 200 -
2025-01-08 10:34:26,551 INFO     23 172.19.0.6 - - [08/Jan/2025 10:34:26] "GET /v1/user/info HTTP/1.1" 200 -
2025-01-08 10:34:26,559 INFO     23 172.19.0.6 - - [08/Jan/2025 10:34:26] "GET /v1/llm/my_llms HTTP/1.1" 200 -
2025-01-08 10:34:26,561 INFO     23 172.19.0.6 - - [08/Jan/2025 10:34:26] "GET /v1/user/tenant_info HTTP/1.1" 200 -
2025-01-08 10:34:26,582 INFO     23 172.19.0.6 - - [08/Jan/2025 10:34:26] "GET /v1/llm/factories HTTP/1.1" 200 -
2025-01-08 10:34:31,579 INFO     23 172.19.0.6 - - [08/Jan/2025 10:34:31] "GET /v1/user/info HTTP/1.1" 200 -
2025-01-08 10:34:31,619 INFO     23 172.19.0.6 - - [08/Jan/2025 10:34:31] "GET /v1/llm/my_llms HTTP/1.1" 200 -
2025-01-08 10:34:31,625 INFO     23 172.19.0.6 - - [08/Jan/2025 10:34:31] "GET /v1/user/tenant_info HTTP/1.1" 200 -
2025-01-08 10:34:31,656 INFO     23 172.19.0.6 - - [08/Jan/2025 10:34:31] "GET /v1/llm/factories HTTP/1.1" 200 -
2025-01-08 10:34:40,199 INFO     23 172.19.0.6 - - [08/Jan/2025 10:34:40] "GET /v1/user/tenant_info HTTP/1.1" 200 -
2025-01-08 10:34:40,226 INFO     23 172.19.0.6 - - [08/Jan/2025 10:34:40] "GET /v1/llm/list HTTP/1.1" 200 -
2025-01-08 10:35:04,315 INFO     23 172.19.0.6 - - [08/Jan/2025 10:35:04] "GET /v1/user/info HTTP/1.1" 200 -
2025-01-08 10:35:06,290 INFO     23 172.19.0.6 - - [08/Jan/2025 10:35:06] "GET /v1/user/info HTTP/1.1" 200 -
2025-01-08 10:35:06,293 INFO     23 172.19.0.6 - - [08/Jan/2025 10:35:06] "GET /v1/kb/list?page=1&page_size=30&keywords= HTTP/1.1" 200 -
2025-01-08 10:35:08,870 INFO     23 172.19.0.6 - - [08/Jan/2025 10:35:08] "GET /v1/user/info HTTP/1.1" 200 -
2025-01-08 10:35:08,874 INFO     23 172.19.0.6 - - [08/Jan/2025 10:35:08] "GET /v1/dialog/list HTTP/1.1" 200 -
2025-01-08 10:35:09,782 INFO     23 172.19.0.6 - - [08/Jan/2025 10:35:09] "GET /v1/kb/list HTTP/1.1" 200 -
2025-01-08 10:35:11,182 INFO     23 172.19.0.6 - - [08/Jan/2025 10:35:11] "GET /v1/user/info HTTP/1.1" 200 -
2025-01-08 10:35:11,188 INFO     23 172.19.0.6 - - [08/Jan/2025 10:35:11] "GET /v1/kb/list?page=1&page_size=30&keywords= HTTP/1.1" 200 -
2025-01-08 10:35:11,978 INFO     23 172.19.0.6 - - [08/Jan/2025 10:35:11] "GET /v1/canvas/templates HTTP/1.1" 200 -
2025-01-08 10:35:11,978 INFO     23 172.19.0.6 - - [08/Jan/2025 10:35:11] "GET /v1/canvas/list HTTP/1.1" 200 -
2025-01-08 10:35:13,224 INFO     23 172.19.0.6 - - [08/Jan/2025 10:35:13] "GET /v1/user/info HTTP/1.1" 200 -
2025-01-08 10:35:13,230 INFO     23 172.19.0.6 - - [08/Jan/2025 10:35:13] "GET /v1/kb/list?page=1&page_size=30&keywords= HTTP/1.1" 200 -
2025-01-08 10:35:18,890 INFO     23 172.19.0.6 - - [08/Jan/2025 10:35:18] "GET /v1/user/tenant_info HTTP/1.1" 200 -
2025-01-08 10:35:18,900 INFO     23 172.19.0.6 - - [08/Jan/2025 10:35:18] "GET /v1/kb/detail?kb_id=5923c7a8cd6811efb0e00242ac130006 HTTP/1.1" 200 -
2025-01-08 10:35:18,900 INFO     23 172.19.0.6 - - [08/Jan/2025 10:35:18] "GET /v1/document/list?kb_id=5923c7a8cd6811efb0e00242ac130006&keywords=&page_size=10&page=1 HTTP/1.1" 200 -
2025-01-08 10:35:20,505 INFO     23 172.19.0.6 - - [08/Jan/2025 10:35:20] "GET /v1/system/version HTTP/1.1" 200 -
2025-01-08 10:35:20,506 INFO     23 172.19.0.6 - - [08/Jan/2025 10:35:20] "GET /v1/llm/my_llms HTTP/1.1" 200 -
2025-01-08 10:35:20,515 INFO     23 172.19.0.6 - - [08/Jan/2025 10:35:20] "GET /v1/user/tenant_info HTTP/1.1" 200 -
2025-01-08 10:35:20,537 INFO     23 172.19.0.6 - - [08/Jan/2025 10:35:20] "GET /v1/llm/factories HTTP/1.1" 200 -
2025-01-08 10:59:18,957 INFO     23 172.19.0.6 - - [08/Jan/2025 10:59:18] "GET /v1/user/tenant_info HTTP/1.1" 200 -
2025-01-08 10:59:18,958 INFO     23 172.19.0.6 - - [08/Jan/2025 10:59:18] "GET /v1/user/info HTTP/1.1" 200 -
2025-01-08 10:59:18,965 INFO     23 172.19.0.6 - - [08/Jan/2025 10:59:18] "GET /v1/llm/my_llms HTTP/1.1" 200 -
2025-01-08 10:59:18,986 INFO     23 172.19.0.6 - - [08/Jan/2025 10:59:18] "GET /v1/llm/factories HTTP/1.1" 200 -
2025-01-08 10:59:29,158 INFO     23 172.19.0.6 - - [08/Jan/2025 10:59:29] "GET /v1/llm/my_llms HTTP/1.1" 200 -
2025-01-08 10:59:29,164 INFO     23 172.19.0.6 - - [08/Jan/2025 10:59:29] "GET /v1/user/tenant_info HTTP/1.1" 200 -
2025-01-08 10:59:29,187 INFO     23 172.19.0.6 - - [08/Jan/2025 10:59:29] "GET /v1/llm/factories HTTP/1.1" 200 -
2025-01-08 10:59:56,101 INFO     23 172.19.0.6 - - [08/Jan/2025 10:59:56] "GET /v1/user/info HTTP/1.1" 200 -
2025-01-08 10:59:56,109 INFO     23 172.19.0.6 - - [08/Jan/2025 10:59:56] "GET /v1/kb/list?page=1&page_size=30&keywords= HTTP/1.1" 200 -
2025-01-08 10:59:56,131 INFO     23 172.19.0.6 - - [08/Jan/2025 10:59:56] "GET /v1/user/info HTTP/1.1" 200 -
2025-01-08 10:59:57,714 INFO     23 172.19.0.6 - - [08/Jan/2025 10:59:57] "GET /v1/user/tenant_info HTTP/1.1" 200 -
2025-01-08 10:59:57,722 INFO     23 172.19.0.6 - - [08/Jan/2025 10:59:57] "GET /v1/kb/detail?kb_id=5923c7a8cd6811efb0e00242ac130006 HTTP/1.1" 200 -
2025-01-08 10:59:57,725 INFO     23 172.19.0.6 - - [08/Jan/2025 10:59:57] "GET /v1/document/list?kb_id=5923c7a8cd6811efb0e00242ac130006&keywords=&page_size=10&page=1 HTTP/1.1" 200 -
2025-01-08 11:00:04,279 INFO     23 172.19.0.6 - - [08/Jan/2025 11:00:04] "GET /v1/system/version HTTP/1.1" 200 -
2025-01-08 11:00:04,287 INFO     23 172.19.0.6 - - [08/Jan/2025 11:00:04] "GET /v1/llm/my_llms HTTP/1.1" 200 -
2025-01-08 11:00:04,290 INFO     23 172.19.0.6 - - [08/Jan/2025 11:00:04] "GET /v1/user/tenant_info HTTP/1.1" 200 -
2025-01-08 11:00:04,308 INFO     23 172.19.0.6 - - [08/Jan/2025 11:00:04] "GET /v1/llm/factories HTTP/1.1" 200 -
2025-01-08 11:00:06,309 INFO     23 172.19.0.6 - - [08/Jan/2025 11:00:06] "GET /v1/user/tenant_info HTTP/1.1" 200 -
2025-01-08 11:00:06,328 INFO     23 172.19.0.6 - - [08/Jan/2025 11:00:06] "GET /v1/llm/list HTTP/1.1" 200 -
2025-01-08 11:01:28,868 INFO     23 172.19.0.6 - - [08/Jan/2025 11:01:28] "GET /v1/user/info HTTP/1.1" 200 -
2025-01-08 11:01:28,875 INFO     23 172.19.0.6 - - [08/Jan/2025 11:01:28] "GET /v1/user/tenant_info HTTP/1.1" 200 -
2025-01-08 11:01:28,878 INFO     23 172.19.0.6 - - [08/Jan/2025 11:01:28] "GET /v1/llm/my_llms HTTP/1.1" 200 -
2025-01-08 11:01:28,897 INFO     23 172.19.0.6 - - [08/Jan/2025 11:01:28] "GET /v1/llm/factories HTTP/1.1" 200 -
2025-01-08 11:01:36,122 INFO     23 172.19.0.6 - - [08/Jan/2025 11:01:36] "GET /v1/user/info HTTP/1.1" 200 -
2025-01-08 11:01:36,128 INFO     23 172.19.0.6 - - [08/Jan/2025 11:01:36] "GET /v1/user/tenant_info HTTP/1.1" 200 -
2025-01-08 11:01:36,131 INFO     23 172.19.0.6 - - [08/Jan/2025 11:01:36] "GET /v1/llm/my_llms HTTP/1.1" 200 -
2025-01-08 11:01:36,155 INFO     23 172.19.0.6 - - [08/Jan/2025 11:01:36] "GET /v1/llm/factories HTTP/1.1" 200 -
2025-01-08 11:01:49,424 INFO     23 172.19.0.6 - - [08/Jan/2025 11:01:49] "GET /v1/user/info HTTP/1.1" 200 -
2025-01-08 11:01:49,437 INFO     23 172.19.0.6 - - [08/Jan/2025 11:01:49] "GET /v1/llm/my_llms HTTP/1.1" 200 -
2025-01-08 11:01:49,439 INFO     23 172.19.0.6 - - [08/Jan/2025 11:01:49] "GET /v1/user/tenant_info HTTP/1.1" 200 -
2025-01-08 11:01:49,464 INFO     23 172.19.0.6 - - [08/Jan/2025 11:01:49] "GET /v1/llm/factories HTTP/1.1" 200 -
2025-01-08 11:01:51,726 INFO     23 172.19.0.6 - - [08/Jan/2025 11:01:51] "GET /v1/kb/list HTTP/1.1" 200 -
2025-01-08 11:01:51,891 INFO     23 172.19.0.6 - - [08/Jan/2025 11:01:51] "GET /v1/file/list?parent_id=&keywords=&page_size=10&page=1 HTTP/1.1" 200 -
2025-01-08 11:01:52,604 INFO     23 172.19.0.6 - - [08/Jan/2025 11:01:52] "GET /v1/canvas/list HTTP/1.1" 200 -
2025-01-08 11:01:52,613 INFO     23 172.19.0.6 - - [08/Jan/2025 11:01:52] "GET /v1/canvas/templates HTTP/1.1" 200 -
2025-01-08 11:01:57,347 INFO     23 172.19.0.6 - - [08/Jan/2025 11:01:57] "GET /v1/user/info HTTP/1.1" 200 -
2025-01-08 11:01:57,598 INFO     23 172.19.0.6 - - [08/Jan/2025 11:01:57] "GET /v1/kb/list?page=1&page_size=30&keywords= HTTP/1.1" 200 -
2025-01-08 11:02:00,318 INFO     23 172.19.0.6 - - [08/Jan/2025 11:02:00] "GET /v1/user/tenant_info HTTP/1.1" 200 -
2025-01-08 11:02:00,325 INFO     23 172.19.0.6 - - [08/Jan/2025 11:02:00] "GET /v1/kb/detail?kb_id=5923c7a8cd6811efb0e00242ac130006 HTTP/1.1" 200 -
2025-01-08 11:02:00,325 INFO     23 172.19.0.6 - - [08/Jan/2025 11:02:00] "GET /v1/document/list?kb_id=5923c7a8cd6811efb0e00242ac130006&keywords=&page_size=10&page=1 HTTP/1.1" 200 -
2025-01-08 11:02:02,970 INFO     23 172.19.0.6 - - [08/Jan/2025 11:02:02] "GET /v1/user/tenant_info HTTP/1.1" 200 -
2025-01-08 11:02:02,973 INFO     23 172.19.0.6 - - [08/Jan/2025 11:02:02] "GET /v1/system/version HTTP/1.1" 200 -
2025-01-08 11:02:02,976 INFO     23 172.19.0.6 - - [08/Jan/2025 11:02:02] "GET /v1/llm/my_llms HTTP/1.1" 200 -
2025-01-08 11:02:02,997 INFO     23 172.19.0.6 - - [08/Jan/2025 11:02:02] "GET /v1/llm/factories HTTP/1.1" 200 -
2025-01-08 11:02:36,862 INFO     23 172.19.0.6 - - [08/Jan/2025 11:02:36] "GET /v1/user/info HTTP/1.1" 200 -
2025-01-08 11:02:36,868 INFO     23 172.19.0.6 - - [08/Jan/2025 11:02:36] "GET /v1/llm/my_llms HTTP/1.1" 200 -
2025-01-08 11:02:36,869 INFO     23 172.19.0.6 - - [08/Jan/2025 11:02:36] "GET /v1/user/tenant_info HTTP/1.1" 200 -
2025-01-08 11:02:36,891 INFO     23 172.19.0.6 - - [08/Jan/2025 11:02:36] "GET /v1/llm/factories HTTP/1.1" 200 -
2025-01-08 11:03:02,478 INFO     23 172.19.0.6 - - [08/Jan/2025 11:03:02] "GET /v1/user/info HTTP/1.1" 200 -
2025-01-08 11:03:02,484 INFO     23 172.19.0.6 - - [08/Jan/2025 11:03:02] "GET /v1/user/tenant_info HTTP/1.1" 200 -
2025-01-08 11:03:02,486 INFO     23 172.19.0.6 - - [08/Jan/2025 11:03:02] "GET /v1/llm/my_llms HTTP/1.1" 200 -
2025-01-08 11:03:02,506 INFO     23 172.19.0.6 - - [08/Jan/2025 11:03:02] "GET /v1/llm/factories HTTP/1.1" 200 -
2025-01-08 11:03:16,199 INFO     23 172.19.0.6 - - [08/Jan/2025 11:03:16] "GET /v1/user/tenant_info HTTP/1.1" 200 -
2025-01-08 11:03:16,226 INFO     23 172.19.0.6 - - [08/Jan/2025 11:03:16] "GET /v1/llm/list HTTP/1.1" 200 -
2025-01-08 11:03:45,042 INFO     23 GET http://es01:9200/_cluster/health [status:200 duration:0.083s]
2025-01-08 11:03:45,098 INFO     23 172.19.0.6 - - [08/Jan/2025 11:03:45] "GET /v1/system/status HTTP/1.1" 200 -
2025-01-08 11:03:50,264 INFO     23 172.19.0.6 - - [08/Jan/2025 11:03:50] "GET /v1/llm/my_llms HTTP/1.1" 200 -
2025-01-08 11:03:50,266 INFO     23 172.19.0.6 - - [08/Jan/2025 11:03:50] "GET /v1/user/tenant_info HTTP/1.1" 200 -
2025-01-08 11:03:50,289 INFO     23 172.19.0.6 - - [08/Jan/2025 11:03:50] "GET /v1/llm/factories HTTP/1.1" 200 -
2025-01-08 11:05:46,318 INFO     23 172.19.0.6 - - [08/Jan/2025 11:05:46] "GET /v1/user/info HTTP/1.1" 200 -
2025-01-08 11:05:46,326 INFO     23 172.19.0.6 - - [08/Jan/2025 11:05:46] "GET /v1/llm/my_llms HTTP/1.1" 200 -
2025-01-08 11:05:46,327 INFO     23 172.19.0.6 - - [08/Jan/2025 11:05:46] "GET /v1/user/tenant_info HTTP/1.1" 200 -
2025-01-08 11:05:46,348 INFO     23 172.19.0.6 - - [08/Jan/2025 11:05:46] "GET /v1/llm/factories HTTP/1.1" 200 -
2025-01-08 11:09:06,401 INFO     23 172.19.0.6 - - [08/Jan/2025 11:09:06] "GET /v1/user/info HTTP/1.1" 200 -
2025-01-08 11:09:06,408 INFO     23 172.19.0.6 - - [08/Jan/2025 11:09:06] "GET /v1/llm/my_llms HTTP/1.1" 200 -
2025-01-08 11:09:06,409 INFO     23 172.19.0.6 - - [08/Jan/2025 11:09:06] "GET /v1/user/tenant_info HTTP/1.1" 200 -
2025-01-08 11:09:06,439 INFO     23 172.19.0.6 - - [08/Jan/2025 11:09:06] "GET /v1/llm/factories HTTP/1.1" 200 -
2025-01-08 11:09:10,761 INFO     23 172.19.0.6 - - [08/Jan/2025 11:09:10] "POST /v1/llm/set_api_key HTTP/1.1" 200 -
2025-01-08 11:09:10,787 INFO     23 172.19.0.6 - - [08/Jan/2025 11:09:10] "GET /v1/llm/my_llms HTTP/1.1" 200 -
2025-01-08 11:09:10,801 INFO     23 172.19.0.6 - - [08/Jan/2025 11:09:10] "GET /v1/llm/factories HTTP/1.1" 200 -
2025-01-08 11:09:30,554 INFO     23 172.19.0.6 - - [08/Jan/2025 11:09:30] "GET /v1/user/tenant_info HTTP/1.1" 200 -
2025-01-08 11:09:30,580 INFO     23 172.19.0.6 - - [08/Jan/2025 11:09:30] "GET /v1/llm/list HTTP/1.1" 200 -
2025-01-08 11:09:46,069 INFO     23 172.19.0.6 - - [08/Jan/2025 11:09:46] "POST /v1/user/set_tenant_info HTTP/1.1" 200 -
2025-01-08 11:09:54,826 INFO     23 172.19.0.6 - - [08/Jan/2025 11:09:54] "GET /v1/user/info HTTP/1.1" 200 -
2025-01-08 11:09:56,334 INFO     23 172.19.0.6 - - [08/Jan/2025 11:09:56] "GET /v1/user/info HTTP/1.1" 200 -
2025-01-08 11:09:56,713 INFO     23 172.19.0.6 - - [08/Jan/2025 11:09:56] "GET /v1/llm/my_llms HTTP/1.1" 200 -
2025-01-08 11:09:56,716 INFO     23 172.19.0.6 - - [08/Jan/2025 11:09:56] "GET /v1/user/tenant_info HTTP/1.1" 200 -
2025-01-08 11:09:56,736 INFO     23 172.19.0.6 - - [08/Jan/2025 11:09:56] "GET /v1/llm/factories HTTP/1.1" 200 -
2025-01-08 11:11:09,968 INFO     23 172.19.0.6 - - [08/Jan/2025 11:11:09] "GET /v1/user/info HTTP/1.1" 200 -
2025-01-08 11:11:09,978 INFO     23 172.19.0.6 - - [08/Jan/2025 11:11:09] "GET /v1/llm/my_llms HTTP/1.1" 200 -
2025-01-08 11:11:09,979 INFO     23 172.19.0.6 - - [08/Jan/2025 11:11:09] "GET /v1/user/tenant_info HTTP/1.1" 200 -
2025-01-08 11:11:10,001 INFO     23 172.19.0.6 - - [08/Jan/2025 11:11:10] "GET /v1/llm/factories HTTP/1.1" 200 -
2025-01-08 11:11:12,690 INFO     23 172.19.0.6 - - [08/Jan/2025 11:11:12] "GET /v1/user/info HTTP/1.1" 200 -
2025-01-08 11:11:14,040 INFO     23 172.19.0.6 - - [08/Jan/2025 11:11:14] "GET /v1/user/info HTTP/1.1" 200 -
2025-01-08 11:11:14,050 INFO     23 172.19.0.6 - - [08/Jan/2025 11:11:14] "GET /v1/kb/list?page=1&page_size=30&keywords= HTTP/1.1" 200 -
2025-01-08 11:11:14,067 INFO     23 172.19.0.6 - - [08/Jan/2025 11:11:14] "GET /v1/user/info HTTP/1.1" 200 -
2025-01-08 11:11:14,836 INFO     23 172.19.0.6 - - [08/Jan/2025 11:11:14] "GET /v1/user/tenant_info HTTP/1.1" 200 -
2025-01-08 11:11:14,845 INFO     23 172.19.0.6 - - [08/Jan/2025 11:11:14] "GET /v1/kb/detail?kb_id=5923c7a8cd6811efb0e00242ac130006 HTTP/1.1" 200 -
2025-01-08 11:11:14,845 INFO     23 172.19.0.6 - - [08/Jan/2025 11:11:14] "GET /v1/document/list?kb_id=5923c7a8cd6811efb0e00242ac130006&keywords=&page_size=10&page=1 HTTP/1.1" 200 -
2025-01-08 11:11:25,569 INFO     23 172.19.0.6 - - [08/Jan/2025 11:11:25] "POST /v1/document/upload HTTP/1.1" 200 -
2025-01-08 11:11:25,586 INFO     23 172.19.0.6 - - [08/Jan/2025 11:11:25] "GET /v1/document/list?kb_id=5923c7a8cd6811efb0e00242ac130006&keywords=&page_size=10&page=1 HTTP/1.1" 200 -
2025-01-08 11:11:25,651 INFO     23 172.19.0.6 - - [08/Jan/2025 11:11:25] "GET /v1/document/image/5923c7a8cd6811efb0e00242ac130006-thumbnail_3eb7348acd6e11ef8ca80242ac130006.png HTTP/1.1" 200 -
2025-01-08 11:11:32,949 INFO     23 172.19.0.6 - - [08/Jan/2025 11:11:32] "POST /v1/document/run HTTP/1.1" 200 -
2025-01-08 11:11:32,963 INFO     23 172.19.0.6 - - [08/Jan/2025 11:11:32] "GET /v1/document/list?kb_id=5923c7a8cd6811efb0e00242ac130006&keywords=&page_size=10&page=1 HTTP/1.1" 200 -
2025-01-08 11:11:44,145 INFO     23 172.19.0.6 - - [08/Jan/2025 11:11:44] "GET /v1/user/tenant_info HTTP/1.1" 200 -
2025-01-08 11:11:44,188 INFO     23 172.19.0.6 - - [08/Jan/2025 11:11:44] "GET /v1/kb/detail?kb_id=5923c7a8cd6811efb0e00242ac130006 HTTP/1.1" 200 -
2025-01-08 11:11:44,189 INFO     23 172.19.0.6 - - [08/Jan/2025 11:11:44] "GET /v1/llm/list HTTP/1.1" 200 -
2025-01-08 11:12:00,050 INFO     23 172.19.0.6 - - [08/Jan/2025 11:12:00] "GET /v1/document/image/5923c7a8cd6811efb0e00242ac130006-thumbnail_3eb7348acd6e11ef8ca80242ac130006.png HTTP/1.1" 200 -
2025-01-08 11:12:00,065 INFO     23 172.19.0.6 - - [08/Jan/2025 11:12:00] "GET /v1/user/tenant_info HTTP/1.1" 200 -
2025-01-08 11:12:00,072 INFO     23 172.19.0.6 - - [08/Jan/2025 11:12:00] "GET /v1/document/list?kb_id=5923c7a8cd6811efb0e00242ac130006&keywords=&page_size=10&page=1 HTTP/1.1" 200 -
2025-01-08 11:12:00,077 INFO     23 172.19.0.6 - - [08/Jan/2025 11:12:00] "POST /v1/kb/update HTTP/1.1" 200 -
2025-01-08 11:12:00,096 INFO     23 172.19.0.6 - - [08/Jan/2025 11:12:00] "GET /v1/kb/detail?kb_id=5923c7a8cd6811efb0e00242ac130006 HTTP/1.1" 200 -
2025-01-08 11:12:02,409 INFO     23 172.19.0.6 - - [08/Jan/2025 11:12:02] "POST /v1/document/run HTTP/1.1" 200 -
2025-01-08 11:12:02,423 INFO     23 172.19.0.6 - - [08/Jan/2025 11:12:02] "GET /v1/document/list?kb_id=5923c7a8cd6811efb0e00242ac130006&keywords=&page_size=10&page=1 HTTP/1.1" 200 -
2025-01-08 11:12:17,510 INFO     23 172.19.0.6 - - [08/Jan/2025 11:12:17] "GET /v1/document/list?kb_id=5923c7a8cd6811efb0e00242ac130006&keywords=&page_size=10&page=1 HTTP/1.1" 200 -
2025-01-08 11:27:50,436 INFO     24 ragflow_server log path: /ragflow/logs/ragflow_server.log, log levels: {'peewee': 'WARNING', 'pdfminer': 'WARNING', 'root': 'INFO'}
2025-01-08 11:28:00,343 INFO     24 init database on cluster mode successfully
2025-01-08 11:28:16,154 INFO     24 
        ____   ___    ______ ______ __               
       / __ \ /   |  / ____// ____// /____  _      __
      / /_/ // /| | / / __ / /_   / // __ \| | /| / /
     / _, _// ___ |/ /_/ // __/  / // /_/ /| |/ |/ / 
    /_/ |_|/_/  |_|\____//_/    /_/ \____/ |__/|__/                             

    
2025-01-08 11:28:16,156 INFO     24 RAGFlow version: v0.15.1 slim
2025-01-08 11:28:16,157 INFO     24 project base: /ragflow
2025-01-08 11:28:16,157 INFO     24 Current configs, from /ragflow/conf/service_conf.yaml:
	ragflow: {'host': '0.0.0.0', 'http_port': 9380}
	mysql: {'name': 'rag_flow', 'user': 'root', 'password': '********', 'host': 'mysql', 'port': 3306, 'max_connections': 100, 'stale_timeout': 30}
	minio: {'user': 'rag_flow', 'password': '********', 'host': 'minio:9000'}
	es: {'hosts': 'http://es01:9200', 'username': 'elastic', 'password': '********'}
	infinity: {'uri': 'infinity:23817', 'db_name': 'default_db'}
	redis: {'db': 1, 'password': '********', 'host': 'redis:6379'}
2025-01-08 11:28:16,158 INFO     24 Use Elasticsearch http://es01:9200 as the doc engine.
2025-01-08 11:28:16,482 INFO     24 GET http://es01:9200/ [status:200 duration:0.320s]
2025-01-08 11:28:16,511 INFO     24 HEAD http://es01:9200/ [status:200 duration:0.022s]
2025-01-08 11:28:16,516 INFO     24 Elasticsearch http://es01:9200 is healthy.
2025-01-08 11:28:16,525 WARNING  24 Load term.freq FAIL!
2025-01-08 11:28:16,550 WARNING  24 Realtime synonym is disabled, since no redis connection.
2025-01-08 11:28:16,572 WARNING  24 Load term.freq FAIL!
2025-01-08 11:28:16,593 WARNING  24 Realtime synonym is disabled, since no redis connection.
2025-01-08 11:28:16,613 INFO     24 MAX_CONTENT_LENGTH: 134217728
2025-01-08 11:28:16,615 INFO     24 SERVER_QUEUE_MAX_LEN: 1024
2025-01-08 11:28:16,628 INFO     24 SERVER_QUEUE_RETENTION: 3600
2025-01-08 11:28:16,636 INFO     24 MAX_FILE_COUNT_PER_USER: 0
2025-01-08 11:28:20,249 INFO     24 init web data success:2.877800464630127
2025-01-08 11:28:20,251 INFO     24 RAGFlow HTTP server start...
2025-01-08 11:28:20,254 INFO     24 [31m[1mWARNING: This is a development server. Do not use it in a production deployment. Use a production WSGI server instead.[0m
 * Running on all addresses (0.0.0.0)
 * Running on http://127.0.0.1:9380
 * Running on http://172.19.0.6:9380
2025-01-08 11:28:20,254 INFO     24 [33mPress CTRL+C to quit[0m
2025-01-08 11:31:50,289 INFO     24 172.19.0.6 - - [08/Jan/2025 11:31:50] "GET /v1/user/info HTTP/1.1" 200 -
2025-01-08 11:31:50,472 INFO     24 172.19.0.6 - - [08/Jan/2025 11:31:50] "GET /v1/user/info HTTP/1.1" 200 -
2025-01-08 11:31:50,503 INFO     24 172.19.0.6 - - [08/Jan/2025 11:31:50] "GET /v1/kb/list?page=1&page_size=30&keywords= HTTP/1.1" 200 -
2025-01-08 11:31:50,529 INFO     24 172.19.0.6 - - [08/Jan/2025 11:31:50] "GET /v1/user/info HTTP/1.1" 200 -
2025-01-08 11:31:54,539 INFO     24 172.19.0.6 - - [08/Jan/2025 11:31:54] "GET /v1/kb/detail?kb_id=5923c7a8cd6811efb0e00242ac130006 HTTP/1.1" 200 -
2025-01-08 11:31:54,648 INFO     24 172.19.0.6 - - [08/Jan/2025 11:31:54] "GET /v1/user/tenant_info HTTP/1.1" 200 -
2025-01-08 11:31:54,653 INFO     24 172.19.0.6 - - [08/Jan/2025 11:31:54] "GET /v1/document/list?kb_id=5923c7a8cd6811efb0e00242ac130006&keywords=&page_size=10&page=1 HTTP/1.1" 200 -
2025-01-08 11:31:54,737 INFO     24 172.19.0.6 - - [08/Jan/2025 11:31:54] "GET /v1/document/image/5923c7a8cd6811efb0e00242ac130006-thumbnail_3eb7348acd6e11ef8ca80242ac130006.png HTTP/1.1" 200 -
2025-01-08 11:32:09,688 INFO     24 172.19.0.6 - - [08/Jan/2025 11:32:09] "GET /v1/document/list?kb_id=5923c7a8cd6811efb0e00242ac130006&keywords=&page_size=10&page=1 HTTP/1.1" 200 -
2025-01-08 11:32:24,707 INFO     24 172.19.0.6 - - [08/Jan/2025 11:32:24] "GET /v1/document/list?kb_id=5923c7a8cd6811efb0e00242ac130006&keywords=&page_size=10&page=1 HTTP/1.1" 200 -
2025-01-08 11:32:39,740 INFO     24 172.19.0.6 - - [08/Jan/2025 11:32:39] "GET /v1/document/list?kb_id=5923c7a8cd6811efb0e00242ac130006&keywords=&page_size=10&page=1 HTTP/1.1" 200 -
2025-01-08 11:32:54,769 INFO     24 172.19.0.6 - - [08/Jan/2025 11:32:54] "GET /v1/document/list?kb_id=5923c7a8cd6811efb0e00242ac130006&keywords=&page_size=10&page=1 HTTP/1.1" 200 -
2025-01-08 11:33:09,799 INFO     24 172.19.0.6 - - [08/Jan/2025 11:33:09] "GET /v1/document/list?kb_id=5923c7a8cd6811efb0e00242ac130006&keywords=&page_size=10&page=1 HTTP/1.1" 200 -
2025-01-08 11:33:24,827 INFO     24 172.19.0.6 - - [08/Jan/2025 11:33:24] "GET /v1/document/list?kb_id=5923c7a8cd6811efb0e00242ac130006&keywords=&page_size=10&page=1 HTTP/1.1" 200 -
2025-01-08 11:33:39,848 INFO     24 172.19.0.6 - - [08/Jan/2025 11:33:39] "GET /v1/document/list?kb_id=5923c7a8cd6811efb0e00242ac130006&keywords=&page_size=10&page=1 HTTP/1.1" 200 -
2025-01-08 11:33:54,873 INFO     24 172.19.0.6 - - [08/Jan/2025 11:33:54] "GET /v1/document/list?kb_id=5923c7a8cd6811efb0e00242ac130006&keywords=&page_size=10&page=1 HTTP/1.1" 200 -
2025-01-08 11:34:09,894 INFO     24 172.19.0.6 - - [08/Jan/2025 11:34:09] "GET /v1/document/list?kb_id=5923c7a8cd6811efb0e00242ac130006&keywords=&page_size=10&page=1 HTTP/1.1" 200 -
2025-01-08 11:34:24,924 INFO     24 172.19.0.6 - - [08/Jan/2025 11:34:24] "GET /v1/document/list?kb_id=5923c7a8cd6811efb0e00242ac130006&keywords=&page_size=10&page=1 HTTP/1.1" 200 -
2025-01-08 11:34:35,898 INFO     24 172.19.0.6 - - [08/Jan/2025 11:34:35] "GET /v1/system/version HTTP/1.1" 200 -
2025-01-08 11:34:36,003 INFO     24 172.19.0.6 - - [08/Jan/2025 11:34:36] "GET /v1/user/info HTTP/1.1" 200 -
2025-01-08 11:34:37,742 INFO     24 172.19.0.6 - - [08/Jan/2025 11:34:37] "GET /v1/user/tenant_info HTTP/1.1" 200 -
2025-01-08 11:34:37,746 INFO     24 172.19.0.6 - - [08/Jan/2025 11:34:37] "GET /v1/llm/my_llms HTTP/1.1" 200 -
2025-01-08 11:34:37,769 INFO     24 172.19.0.6 - - [08/Jan/2025 11:34:37] "GET /v1/llm/factories HTTP/1.1" 200 -
2025-01-08 11:34:38,591 INFO     24 172.19.0.6 - - [08/Jan/2025 11:34:38] "GET /v1/user/info HTTP/1.1" 200 -
2025-01-08 11:34:47,822 INFO     24 172.19.0.6 - - [08/Jan/2025 11:34:47] "GET /v1/user/info HTTP/1.1" 200 -
2025-01-08 11:34:47,826 INFO     24 172.19.0.6 - - [08/Jan/2025 11:34:47] "GET /v1/kb/list?page=1&page_size=30&keywords= HTTP/1.1" 200 -
2025-01-08 11:34:55,265 INFO     24 172.19.0.6 - - [08/Jan/2025 11:34:55] "POST /v1/kb/create HTTP/1.1" 200 -
2025-01-08 11:34:55,309 INFO     24 172.19.0.6 - - [08/Jan/2025 11:34:55] "GET /v1/kb/detail?kb_id=870d6b52cd7111ef9e010242ac130006 HTTP/1.1" 200 -
2025-01-08 11:34:55,528 INFO     24 172.19.0.6 - - [08/Jan/2025 11:34:55] "GET /v1/user/tenant_info HTTP/1.1" 200 -
2025-01-08 11:34:55,556 INFO     24 172.19.0.6 - - [08/Jan/2025 11:34:55] "GET /v1/kb/detail?kb_id=870d6b52cd7111ef9e010242ac130006 HTTP/1.1" 200 -
2025-01-08 11:34:55,557 INFO     24 172.19.0.6 - - [08/Jan/2025 11:34:55] "GET /v1/llm/list HTTP/1.1" 200 -
2025-01-08 11:36:06,704 INFO     24 172.19.0.6 - - [08/Jan/2025 11:36:06] "GET /v1/document/image/5923c7a8cd6811efb0e00242ac130006-thumbnail_3eb7348acd6e11ef8ca80242ac130006.png HTTP/1.1" 200 -
2025-01-08 11:36:06,730 INFO     24 172.19.0.6 - - [08/Jan/2025 11:36:06] "GET /v1/user/tenant_info HTTP/1.1" 200 -
2025-01-08 11:36:06,735 INFO     24 172.19.0.6 - - [08/Jan/2025 11:36:06] "GET /v1/document/list?kb_id=870d6b52cd7111ef9e010242ac130006&keywords=&page_size=10&page=1 HTTP/1.1" 200 -
2025-01-08 11:36:06,743 INFO     24 172.19.0.6 - - [08/Jan/2025 11:36:06] "POST /v1/kb/update HTTP/1.1" 200 -
2025-01-08 11:36:06,762 INFO     24 172.19.0.6 - - [08/Jan/2025 11:36:06] "GET /v1/kb/detail?kb_id=870d6b52cd7111ef9e010242ac130006 HTTP/1.1" 200 -
2025-01-08 11:36:11,921 INFO     24 172.19.0.6 - - [08/Jan/2025 11:36:11] "GET /v1/user/info HTTP/1.1" 200 -
2025-01-08 11:36:11,928 INFO     24 172.19.0.6 - - [08/Jan/2025 11:36:11] "GET /v1/kb/list?page=1&page_size=30&keywords= HTTP/1.1" 200 -
2025-01-08 11:36:11,962 INFO     24 172.19.0.6 - - [08/Jan/2025 11:36:11] "GET /v1/user/info HTTP/1.1" 200 -
2025-01-08 11:36:13,303 INFO     24 172.19.0.6 - - [08/Jan/2025 11:36:13] "GET /v1/user/tenant_info HTTP/1.1" 200 -
2025-01-08 11:36:13,311 INFO     24 172.19.0.6 - - [08/Jan/2025 11:36:13] "GET /v1/document/list?kb_id=5923c7a8cd6811efb0e00242ac130006&keywords=&page_size=10&page=1 HTTP/1.1" 200 -
2025-01-08 11:36:13,311 INFO     24 172.19.0.6 - - [08/Jan/2025 11:36:13] "GET /v1/kb/detail?kb_id=5923c7a8cd6811efb0e00242ac130006 HTTP/1.1" 200 -
2025-01-08 11:36:13,345 INFO     24 172.19.0.6 - - [08/Jan/2025 11:36:13] "GET /v1/document/image/5923c7a8cd6811efb0e00242ac130006-thumbnail_3eb7348acd6e11ef8ca80242ac130006.png HTTP/1.1" 200 -
2025-01-08 11:36:16,298 INFO     24 172.19.0.6 - - [08/Jan/2025 11:36:16] "POST /v1/document/run HTTP/1.1" 200 -
2025-01-08 11:36:16,311 INFO     24 172.19.0.6 - - [08/Jan/2025 11:36:16] "GET /v1/document/list?kb_id=5923c7a8cd6811efb0e00242ac130006&keywords=&page_size=10&page=1 HTTP/1.1" 200 -
2025-01-08 11:36:20,304 INFO     24 172.19.0.6 - - [08/Jan/2025 11:36:20] "GET /v1/user/info HTTP/1.1" 200 -
2025-01-08 11:36:20,309 INFO     24 172.19.0.6 - - [08/Jan/2025 11:36:20] "GET /v1/kb/list?page=1&page_size=30&keywords= HTTP/1.1" 200 -
2025-01-08 11:36:21,310 INFO     24 172.19.0.6 - - [08/Jan/2025 11:36:21] "GET /v1/kb/detail?kb_id=870d6b52cd7111ef9e010242ac130006 HTTP/1.1" 200 -
2025-01-08 11:36:21,310 INFO     24 172.19.0.6 - - [08/Jan/2025 11:36:21] "GET /v1/user/tenant_info HTTP/1.1" 200 -
2025-01-08 11:36:21,315 INFO     24 172.19.0.6 - - [08/Jan/2025 11:36:21] "GET /v1/document/list?kb_id=870d6b52cd7111ef9e010242ac130006&keywords=&page_size=10&page=1 HTTP/1.1" 200 -
2025-01-08 11:36:29,312 INFO     24 172.19.0.6 - - [08/Jan/2025 11:36:29] "POST /v1/document/upload HTTP/1.1" 200 -
2025-01-08 11:36:29,326 INFO     24 172.19.0.6 - - [08/Jan/2025 11:36:29] "GET /v1/document/list?kb_id=870d6b52cd7111ef9e010242ac130006&keywords=&page_size=10&page=1 HTTP/1.1" 200 -
2025-01-08 11:36:29,365 INFO     24 172.19.0.6 - - [08/Jan/2025 11:36:29] "GET /v1/document/image/870d6b52cd7111ef9e010242ac130006-thumbnail_bf06d7d2cd7111ef8c650242ac130006.png HTTP/1.1" 200 -
2025-01-08 11:36:34,065 INFO     24 172.19.0.6 - - [08/Jan/2025 11:36:34] "POST /v1/document/run HTTP/1.1" 200 -
2025-01-08 11:36:34,077 INFO     24 172.19.0.6 - - [08/Jan/2025 11:36:34] "GET /v1/document/list?kb_id=870d6b52cd7111ef9e010242ac130006&keywords=&page_size=10&page=1 HTTP/1.1" 200 -
2025-01-08 11:36:49,098 INFO     24 172.19.0.6 - - [08/Jan/2025 11:36:49] "GET /v1/document/list?kb_id=870d6b52cd7111ef9e010242ac130006&keywords=&page_size=10&page=1 HTTP/1.1" 200 -
2025-01-08 11:37:04,119 INFO     24 172.19.0.6 - - [08/Jan/2025 11:37:04] "GET /v1/document/list?kb_id=870d6b52cd7111ef9e010242ac130006&keywords=&page_size=10&page=1 HTTP/1.1" 200 -
2025-01-08 11:37:19,151 INFO     24 172.19.0.6 - - [08/Jan/2025 11:37:19] "GET /v1/document/list?kb_id=870d6b52cd7111ef9e010242ac130006&keywords=&page_size=10&page=1 HTTP/1.1" 200 -
2025-01-08 11:37:34,181 INFO     24 172.19.0.6 - - [08/Jan/2025 11:37:34] "GET /v1/document/list?kb_id=870d6b52cd7111ef9e010242ac130006&keywords=&page_size=10&page=1 HTTP/1.1" 200 -
2025-01-08 11:37:49,200 INFO     24 172.19.0.6 - - [08/Jan/2025 11:37:49] "GET /v1/document/list?kb_id=870d6b52cd7111ef9e010242ac130006&keywords=&page_size=10&page=1 HTTP/1.1" 200 -
2025-01-08 11:37:54,808 INFO     24 172.19.0.6 - - [08/Jan/2025 11:37:54] "GET /v1/llm/list HTTP/1.1" 200 -
2025-01-08 11:37:56,503 INFO     24 172.19.0.6 - - [08/Jan/2025 11:37:56] "GET /v1/document/image/870d6b52cd7111ef9e010242ac130006-thumbnail_bf06d7d2cd7111ef8c650242ac130006.png HTTP/1.1" 200 -
2025-01-08 11:37:56,509 INFO     24 172.19.0.6 - - [08/Jan/2025 11:37:56] "GET /v1/user/tenant_info HTTP/1.1" 200 -
2025-01-08 11:37:56,514 INFO     24 172.19.0.6 - - [08/Jan/2025 11:37:56] "GET /v1/document/list?kb_id=870d6b52cd7111ef9e010242ac130006&keywords=&page_size=10&page=1 HTTP/1.1" 200 -
2025-01-08 11:38:11,548 INFO     24 172.19.0.6 - - [08/Jan/2025 11:38:11] "GET /v1/document/list?kb_id=870d6b52cd7111ef9e010242ac130006&keywords=&page_size=10&page=1 HTTP/1.1" 200 -
2025-01-08 11:38:28,932 INFO     24 172.19.0.6 - - [08/Jan/2025 11:38:28] "GET /v1/user/info HTTP/1.1" 200 -
2025-01-08 11:38:28,951 INFO     24 172.19.0.6 - - [08/Jan/2025 11:38:28] "GET /v1/user/tenant_info HTTP/1.1" 200 -
2025-01-08 11:38:28,959 INFO     24 172.19.0.6 - - [08/Jan/2025 11:38:28] "GET /v1/document/list?kb_id=870d6b52cd7111ef9e010242ac130006&keywords=&page_size=10&page=1 HTTP/1.1" 200 -
2025-01-08 11:38:28,960 INFO     24 172.19.0.6 - - [08/Jan/2025 11:38:28] "GET /v1/kb/detail?kb_id=870d6b52cd7111ef9e010242ac130006 HTTP/1.1" 200 -
2025-01-08 11:38:43,991 INFO     24 172.19.0.6 - - [08/Jan/2025 11:38:43] "GET /v1/document/list?kb_id=870d6b52cd7111ef9e010242ac130006&keywords=&page_size=10&page=1 HTTP/1.1" 200 -
2025-01-08 11:38:59,018 INFO     24 172.19.0.6 - - [08/Jan/2025 11:38:59] "GET /v1/document/list?kb_id=870d6b52cd7111ef9e010242ac130006&keywords=&page_size=10&page=1 HTTP/1.1" 200 -
2025-01-08 11:39:14,034 INFO     24 172.19.0.6 - - [08/Jan/2025 11:39:14] "GET /v1/document/list?kb_id=870d6b52cd7111ef9e010242ac130006&keywords=&page_size=10&page=1 HTTP/1.1" 200 -
2025-01-08 11:39:29,067 INFO     24 172.19.0.6 - - [08/Jan/2025 11:39:29] "GET /v1/document/list?kb_id=870d6b52cd7111ef9e010242ac130006&keywords=&page_size=10&page=1 HTTP/1.1" 200 -
2025-01-08 11:39:44,084 INFO     24 172.19.0.6 - - [08/Jan/2025 11:39:44] "GET /v1/document/list?kb_id=870d6b52cd7111ef9e010242ac130006&keywords=&page_size=10&page=1 HTTP/1.1" 200 -
2025-01-08 11:39:57,194 INFO     24 172.19.0.6 - - [08/Jan/2025 11:39:57] "GET /v1/user/info HTTP/1.1" 200 -
2025-01-08 11:39:57,210 INFO     24 172.19.0.6 - - [08/Jan/2025 11:39:57] "GET /v1/user/tenant_info HTTP/1.1" 200 -
2025-01-08 11:39:57,217 INFO     24 172.19.0.6 - - [08/Jan/2025 11:39:57] "GET /v1/document/list?kb_id=870d6b52cd7111ef9e010242ac130006&keywords=&page_size=10&page=1 HTTP/1.1" 200 -
2025-01-08 11:39:57,217 INFO     24 172.19.0.6 - - [08/Jan/2025 11:39:57] "GET /v1/kb/detail?kb_id=870d6b52cd7111ef9e010242ac130006 HTTP/1.1" 200 -
2025-01-08 11:40:12,269 INFO     24 172.19.0.6 - - [08/Jan/2025 11:40:12] "GET /v1/document/list?kb_id=870d6b52cd7111ef9e010242ac130006&keywords=&page_size=10&page=1 HTTP/1.1" 200 -
2025-01-08 11:40:14,923 INFO     24 172.19.0.6 - - [08/Jan/2025 11:40:14] "GET /v1/user/info HTTP/1.1" 200 -
2025-01-08 11:40:14,943 INFO     24 172.19.0.6 - - [08/Jan/2025 11:40:14] "GET /v1/user/tenant_info HTTP/1.1" 200 -
2025-01-08 11:40:14,954 INFO     24 172.19.0.6 - - [08/Jan/2025 11:40:14] "GET /v1/document/list?kb_id=870d6b52cd7111ef9e010242ac130006&keywords=&page_size=10&page=1 HTTP/1.1" 200 -
2025-01-08 11:40:14,954 INFO     24 172.19.0.6 - - [08/Jan/2025 11:40:14] "GET /v1/kb/detail?kb_id=870d6b52cd7111ef9e010242ac130006 HTTP/1.1" 200 -
2025-01-08 11:41:16,572 INFO     24 172.19.0.6 - - [08/Jan/2025 11:41:16] "GET /v1/user/info HTTP/1.1" 200 -
2025-01-08 11:41:16,587 INFO     24 172.19.0.6 - - [08/Jan/2025 11:41:16] "GET /v1/user/tenant_info HTTP/1.1" 200 -
2025-01-08 11:41:16,589 INFO     24 172.19.0.6 - - [08/Jan/2025 11:41:16] "GET /v1/kb/detail?kb_id=870d6b52cd7111ef9e010242ac130006 HTTP/1.1" 200 -
2025-01-08 11:41:16,590 INFO     24 172.19.0.6 - - [08/Jan/2025 11:41:16] "GET /v1/document/list?kb_id=870d6b52cd7111ef9e010242ac130006&keywords=&page_size=10&page=1 HTTP/1.1" 200 -
2025-01-08 11:41:41,145 ERROR    24 update_progress exception
Traceback (most recent call last):
  File "/ragflow/.venv/lib/python3.10/site-packages/peewee.py", line 3291, in execute_sql
    cursor.execute(sql, params or ())
  File "/ragflow/.venv/lib/python3.10/site-packages/pymysql/cursors.py", line 153, in execute
    result = self._query(query)
  File "/ragflow/.venv/lib/python3.10/site-packages/pymysql/cursors.py", line 322, in _query
    conn.query(q)
  File "/ragflow/.venv/lib/python3.10/site-packages/pymysql/connections.py", line 563, in query
    self._affected_rows = self._read_query_result(unbuffered=unbuffered)
  File "/ragflow/.venv/lib/python3.10/site-packages/pymysql/connections.py", line 825, in _read_query_result
    result.read()
  File "/ragflow/.venv/lib/python3.10/site-packages/pymysql/connections.py", line 1199, in read
    first_packet = self.connection._read_packet()
  File "/ragflow/.venv/lib/python3.10/site-packages/pymysql/connections.py", line 744, in _read_packet
    packet_header = self._read_bytes(4)
  File "/ragflow/.venv/lib/python3.10/site-packages/pymysql/connections.py", line 798, in _read_bytes
    raise err.OperationalError(
pymysql.err.OperationalError: (2013, 'Lost connection to MySQL server during query')

During handling of the above exception, another exception occurred:

Traceback (most recent call last):
  File "/ragflow/api/ragflow_server.py", line 50, in update_progress
    DocumentService.update_progress()
  File "/ragflow/.venv/lib/python3.10/site-packages/peewee.py", line 3128, in inner
    return fn(*args, **kwargs)
  File "/ragflow/api/db/services/document_service.py", line 371, in update_progress
    docs = cls.get_unfinished_docs()
  File "/ragflow/.venv/lib/python3.10/site-packages/peewee.py", line 3128, in inner
    return fn(*args, **kwargs)
  File "/ragflow/api/db/services/document_service.py", line 155, in get_unfinished_docs
    return list(docs.dicts())
  File "/ragflow/.venv/lib/python3.10/site-packages/peewee.py", line 7243, in __iter__
    self.execute()
  File "/ragflow/.venv/lib/python3.10/site-packages/peewee.py", line 2011, in inner
    return method(self, database, *args, **kwargs)
  File "/ragflow/.venv/lib/python3.10/site-packages/peewee.py", line 2082, in execute
    return self._execute(database)
  File "/ragflow/.venv/lib/python3.10/site-packages/peewee.py", line 2255, in _execute
    cursor = database.execute(self)
  File "/ragflow/.venv/lib/python3.10/site-packages/peewee.py", line 3299, in execute
    return self.execute_sql(sql, params)
  File "/ragflow/.venv/lib/python3.10/site-packages/peewee.py", line 3289, in execute_sql
    with __exception_wrapper__:
  File "/ragflow/.venv/lib/python3.10/site-packages/peewee.py", line 3059, in __exit__
    reraise(new_type, new_type(exc_value, *exc_args), traceback)
  File "/ragflow/.venv/lib/python3.10/site-packages/peewee.py", line 192, in reraise
    raise value.with_traceback(tb)
  File "/ragflow/.venv/lib/python3.10/site-packages/peewee.py", line 3291, in execute_sql
    cursor.execute(sql, params or ())
  File "/ragflow/.venv/lib/python3.10/site-packages/pymysql/cursors.py", line 153, in execute
    result = self._query(query)
  File "/ragflow/.venv/lib/python3.10/site-packages/pymysql/cursors.py", line 322, in _query
    conn.query(q)
  File "/ragflow/.venv/lib/python3.10/site-packages/pymysql/connections.py", line 563, in query
    self._affected_rows = self._read_query_result(unbuffered=unbuffered)
  File "/ragflow/.venv/lib/python3.10/site-packages/pymysql/connections.py", line 825, in _read_query_result
    result.read()
  File "/ragflow/.venv/lib/python3.10/site-packages/pymysql/connections.py", line 1199, in read
    first_packet = self.connection._read_packet()
  File "/ragflow/.venv/lib/python3.10/site-packages/pymysql/connections.py", line 744, in _read_packet
    packet_header = self._read_bytes(4)
  File "/ragflow/.venv/lib/python3.10/site-packages/pymysql/connections.py", line 798, in _read_bytes
    raise err.OperationalError(
peewee.OperationalError: (2013, 'Lost connection to MySQL server during query')
2025-01-08 11:41:50,763 INFO     24 172.19.0.6 - - [08/Jan/2025 11:41:50] "GET /v1/user/info HTTP/1.1" 200 -
2025-01-08 11:41:50,780 INFO     24 172.19.0.6 - - [08/Jan/2025 11:41:50] "GET /v1/user/tenant_info HTTP/1.1" 200 -
2025-01-08 11:41:50,793 INFO     24 172.19.0.6 - - [08/Jan/2025 11:41:50] "GET /v1/kb/detail?kb_id=870d6b52cd7111ef9e010242ac130006 HTTP/1.1" 200 -
2025-01-08 11:41:50,816 INFO     24 172.19.0.6 - - [08/Jan/2025 11:41:50] "GET /v1/document/list?kb_id=870d6b52cd7111ef9e010242ac130006&keywords=&page_size=10&page=1 HTTP/1.1" 200 -
2025-01-08 11:41:54,251 INFO     24 ragflow_server log path: /ragflow/logs/ragflow_server.log, log levels: {'peewee': 'WARNING', 'pdfminer': 'WARNING', 'root': 'INFO'}
2025-01-08 11:42:01,712 INFO     24 init database on cluster mode successfully
2025-01-08 11:42:10,821 INFO     24 
        ____   ___    ______ ______ __               
       / __ \ /   |  / ____// ____// /____  _      __
      / /_/ // /| | / / __ / /_   / // __ \| | /| / /
     / _, _// ___ |/ /_/ // __/  / // /_/ /| |/ |/ / 
    /_/ |_|/_/  |_|\____//_/    /_/ \____/ |__/|__/                             

    
2025-01-08 11:42:10,822 INFO     24 RAGFlow version: v0.15.1 slim
2025-01-08 11:42:10,823 INFO     24 project base: /ragflow
2025-01-08 11:42:10,824 INFO     24 Current configs, from /ragflow/conf/service_conf.yaml:
	ragflow: {'host': '0.0.0.0', 'http_port': 9380}
	mysql: {'name': 'rag_flow', 'user': 'root', 'password': '********', 'host': 'mysql', 'port': 3306, 'max_connections': 100, 'stale_timeout': 30}
	minio: {'user': 'rag_flow', 'password': '********', 'host': 'minio:9000'}
	es: {'hosts': 'http://es01:9200', 'username': 'elastic', 'password': '********'}
	infinity: {'uri': 'infinity:23817', 'db_name': 'default_db'}
	redis: {'db': 1, 'password': '********', 'host': 'redis:6379'}
2025-01-08 11:42:10,825 INFO     24 Use Elasticsearch http://es01:9200 as the doc engine.
2025-01-08 11:42:10,976 INFO     24 GET http://es01:9200/ [status:200 duration:0.150s]
2025-01-08 11:42:10,983 INFO     24 HEAD http://es01:9200/ [status:200 duration:0.005s]
2025-01-08 11:42:10,985 INFO     24 Elasticsearch http://es01:9200 is healthy.
2025-01-08 11:42:10,989 WARNING  24 Load term.freq FAIL!
2025-01-08 11:42:10,994 WARNING  24 Realtime synonym is disabled, since no redis connection.
2025-01-08 11:42:10,998 WARNING  24 Load term.freq FAIL!
2025-01-08 11:42:11,001 WARNING  24 Realtime synonym is disabled, since no redis connection.
2025-01-08 11:42:11,002 INFO     24 MAX_CONTENT_LENGTH: 134217728
2025-01-08 11:42:11,003 INFO     24 SERVER_QUEUE_MAX_LEN: 1024
2025-01-08 11:42:11,004 INFO     24 SERVER_QUEUE_RETENTION: 3600
2025-01-08 11:42:11,004 INFO     24 MAX_FILE_COUNT_PER_USER: 0
2025-01-08 11:42:18,828 INFO     24 init web data success:6.0584070682525635
2025-01-08 11:42:18,830 INFO     24 RAGFlow HTTP server start...
2025-01-08 11:42:18,835 INFO     24 [31m[1mWARNING: This is a development server. Do not use it in a production deployment. Use a production WSGI server instead.[0m
 * Running on all addresses (0.0.0.0)
 * Running on http://127.0.0.1:9380
 * Running on http://172.19.0.6:9380
2025-01-08 11:42:18,836 INFO     24 [33mPress CTRL+C to quit[0m
2025-01-08 11:42:21,041 INFO     24 172.19.0.6 - - [08/Jan/2025 11:42:21] "GET /v1/user/info HTTP/1.1" 200 -
2025-01-08 11:42:21,049 INFO     24 172.19.0.6 - - [08/Jan/2025 11:42:21] "GET /v1/kb/list?page=1&page_size=30&keywords= HTTP/1.1" 200 -
2025-01-08 11:42:21,090 INFO     24 172.19.0.6 - - [08/Jan/2025 11:42:21] "GET /v1/user/info HTTP/1.1" 200 -
2025-01-08 11:42:38,180 INFO     24 172.19.0.6 - - [08/Jan/2025 11:42:38] "GET /v1/user/tenant_info HTTP/1.1" 200 -
2025-01-08 11:42:38,189 INFO     24 172.19.0.6 - - [08/Jan/2025 11:42:38] "GET /v1/document/list?kb_id=870d6b52cd7111ef9e010242ac130006&keywords=&page_size=10&page=1 HTTP/1.1" 200 -
2025-01-08 11:42:38,189 INFO     24 172.19.0.6 - - [08/Jan/2025 11:42:38] "GET /v1/kb/detail?kb_id=870d6b52cd7111ef9e010242ac130006 HTTP/1.1" 200 -
2025-01-08 11:42:38,318 INFO     24 172.19.0.6 - - [08/Jan/2025 11:42:38] "GET /v1/document/image/870d6b52cd7111ef9e010242ac130006-thumbnail_bf06d7d2cd7111ef8c650242ac130006.png HTTP/1.1" 200 -
2025-01-08 11:42:41,085 INFO     24 172.19.0.6 - - [08/Jan/2025 11:42:41] "POST /v1/document/run HTTP/1.1" 200 -
2025-01-08 11:42:41,100 INFO     24 172.19.0.6 - - [08/Jan/2025 11:42:41] "GET /v1/document/list?kb_id=870d6b52cd7111ef9e010242ac130006&keywords=&page_size=10&page=1 HTTP/1.1" 200 -
2025-01-08 11:42:56,139 INFO     24 172.19.0.6 - - [08/Jan/2025 11:42:56] "GET /v1/document/list?kb_id=870d6b52cd7111ef9e010242ac130006&keywords=&page_size=10&page=1 HTTP/1.1" 200 -
2025-01-08 11:43:11,172 INFO     24 172.19.0.6 - - [08/Jan/2025 11:43:11] "GET /v1/document/list?kb_id=870d6b52cd7111ef9e010242ac130006&keywords=&page_size=10&page=1 HTTP/1.1" 200 -
2025-01-08 11:43:26,187 INFO     24 172.19.0.6 - - [08/Jan/2025 11:43:26] "GET /v1/document/list?kb_id=870d6b52cd7111ef9e010242ac130006&keywords=&page_size=10&page=1 HTTP/1.1" 200 -
2025-01-08 11:43:41,215 INFO     24 172.19.0.6 - - [08/Jan/2025 11:43:41] "GET /v1/document/list?kb_id=870d6b52cd7111ef9e010242ac130006&keywords=&page_size=10&page=1 HTTP/1.1" 200 -
2025-01-08 11:43:56,233 INFO     24 172.19.0.6 - - [08/Jan/2025 11:43:56] "GET /v1/document/list?kb_id=870d6b52cd7111ef9e010242ac130006&keywords=&page_size=10&page=1 HTTP/1.1" 200 -
2025-01-08 11:44:11,251 INFO     24 172.19.0.6 - - [08/Jan/2025 11:44:11] "GET /v1/document/list?kb_id=870d6b52cd7111ef9e010242ac130006&keywords=&page_size=10&page=1 HTTP/1.1" 200 -
2025-01-08 11:44:26,267 INFO     24 172.19.0.6 - - [08/Jan/2025 11:44:26] "GET /v1/document/list?kb_id=870d6b52cd7111ef9e010242ac130006&keywords=&page_size=10&page=1 HTTP/1.1" 200 -
2025-01-08 11:44:41,291 INFO     24 172.19.0.6 - - [08/Jan/2025 11:44:41] "GET /v1/document/list?kb_id=870d6b52cd7111ef9e010242ac130006&keywords=&page_size=10&page=1 HTTP/1.1" 200 -
2025-01-08 11:44:56,310 INFO     24 172.19.0.6 - - [08/Jan/2025 11:44:56] "GET /v1/document/list?kb_id=870d6b52cd7111ef9e010242ac130006&keywords=&page_size=10&page=1 HTTP/1.1" 200 -
2025-01-08 11:45:11,339 INFO     24 172.19.0.6 - - [08/Jan/2025 11:45:11] "GET /v1/document/list?kb_id=870d6b52cd7111ef9e010242ac130006&keywords=&page_size=10&page=1 HTTP/1.1" 200 -
2025-01-08 11:45:26,360 INFO     24 172.19.0.6 - - [08/Jan/2025 11:45:26] "GET /v1/document/list?kb_id=870d6b52cd7111ef9e010242ac130006&keywords=&page_size=10&page=1 HTTP/1.1" 200 -
2025-01-08 11:45:41,393 INFO     24 172.19.0.6 - - [08/Jan/2025 11:45:41] "GET /v1/document/list?kb_id=870d6b52cd7111ef9e010242ac130006&keywords=&page_size=10&page=1 HTTP/1.1" 200 -
2025-01-08 11:45:56,585 INFO     24 172.19.0.6 - - [08/Jan/2025 11:45:56] "GET /v1/user/info HTTP/1.1" 200 -
2025-01-08 11:45:56,597 INFO     24 172.19.0.6 - - [08/Jan/2025 11:45:56] "GET /v1/user/tenant_info HTTP/1.1" 200 -
2025-01-08 11:45:56,608 INFO     24 172.19.0.6 - - [08/Jan/2025 11:45:56] "GET /v1/kb/detail?kb_id=870d6b52cd7111ef9e010242ac130006 HTTP/1.1" 200 -
2025-01-08 11:45:56,612 INFO     24 172.19.0.6 - - [08/Jan/2025 11:45:56] "GET /v1/document/list?kb_id=870d6b52cd7111ef9e010242ac130006&keywords=&page_size=10&page=1 HTTP/1.1" 200 -
2025-01-08 11:46:28,857 ERROR    24 update_progress exception
Traceback (most recent call last):
  File "/ragflow/.venv/lib/python3.10/site-packages/pymysql/connections.py", line 649, in connect
    sock = socket.create_connection(
  File "/usr/lib/python3.10/socket.py", line 845, in create_connection
    raise err
  File "/usr/lib/python3.10/socket.py", line 833, in create_connection
    sock.connect(sa)
ConnectionRefusedError: [Errno 111] Connection refused

During handling of the above exception, another exception occurred:

Traceback (most recent call last):
  File "/ragflow/.venv/lib/python3.10/site-packages/peewee.py", line 3232, in connect
    self._state.set_connection(self._connect())
  File "/ragflow/.venv/lib/python3.10/site-packages/playhouse/pool.py", line 76, in inner
    return fn(self, *args, **kwargs)
  File "/ragflow/.venv/lib/python3.10/site-packages/playhouse/pool.py", line 169, in _connect
    conn = super(PooledDatabase, self)._connect()
  File "/ragflow/.venv/lib/python3.10/site-packages/peewee.py", line 4201, in _connect
    conn = mysql.connect(db=self.database, autocommit=True,
  File "/ragflow/.venv/lib/python3.10/site-packages/pymysql/connections.py", line 361, in __init__
    self.connect()
  File "/ragflow/.venv/lib/python3.10/site-packages/pymysql/connections.py", line 716, in connect
    raise exc
pymysql.err.OperationalError: (2003, "Can't connect to MySQL server on 'mysql' ([Errno 111] Connection refused)")

During handling of the above exception, another exception occurred:

Traceback (most recent call last):
  File "/ragflow/api/ragflow_server.py", line 50, in update_progress
    DocumentService.update_progress()
  File "/ragflow/.venv/lib/python3.10/site-packages/peewee.py", line 3127, in inner
    with ConnectionContext(self.db):
  File "/ragflow/.venv/lib/python3.10/site-packages/peewee.py", line 3122, in __enter__
    self.db.connect()
  File "/ragflow/.venv/lib/python3.10/site-packages/playhouse/pool.py", line 121, in connect
    return super(PooledDatabase, self).connect(reuse_if_open)
  File "/ragflow/.venv/lib/python3.10/site-packages/peewee.py", line 3231, in connect
    with __exception_wrapper__:
  File "/ragflow/.venv/lib/python3.10/site-packages/peewee.py", line 3059, in __exit__
    reraise(new_type, new_type(exc_value, *exc_args), traceback)
  File "/ragflow/.venv/lib/python3.10/site-packages/peewee.py", line 192, in reraise
    raise value.with_traceback(tb)
  File "/ragflow/.venv/lib/python3.10/site-packages/peewee.py", line 3232, in connect
    self._state.set_connection(self._connect())
  File "/ragflow/.venv/lib/python3.10/site-packages/playhouse/pool.py", line 76, in inner
    return fn(self, *args, **kwargs)
  File "/ragflow/.venv/lib/python3.10/site-packages/playhouse/pool.py", line 169, in _connect
    conn = super(PooledDatabase, self)._connect()
  File "/ragflow/.venv/lib/python3.10/site-packages/peewee.py", line 4201, in _connect
    conn = mysql.connect(db=self.database, autocommit=True,
  File "/ragflow/.venv/lib/python3.10/site-packages/pymysql/connections.py", line 361, in __init__
    self.connect()
  File "/ragflow/.venv/lib/python3.10/site-packages/pymysql/connections.py", line 716, in connect
    raise exc
peewee.OperationalError: (2003, "Can't connect to MySQL server on 'mysql' ([Errno 111] Connection refused)")
2025-01-08 11:46:35,627 ERROR    24 update_progress exception
Traceback (most recent call last):
  File "/ragflow/.venv/lib/python3.10/site-packages/pymysql/connections.py", line 649, in connect
    sock = socket.create_connection(
  File "/usr/lib/python3.10/socket.py", line 824, in create_connection
    for res in getaddrinfo(host, port, 0, SOCK_STREAM):
  File "/usr/lib/python3.10/socket.py", line 955, in getaddrinfo
    for res in _socket.getaddrinfo(host, port, family, type, proto, flags):
socket.gaierror: [Errno -2] Name or service not known

During handling of the above exception, another exception occurred:

Traceback (most recent call last):
  File "/ragflow/.venv/lib/python3.10/site-packages/peewee.py", line 3232, in connect
    self._state.set_connection(self._connect())
  File "/ragflow/.venv/lib/python3.10/site-packages/playhouse/pool.py", line 76, in inner
    return fn(self, *args, **kwargs)
  File "/ragflow/.venv/lib/python3.10/site-packages/playhouse/pool.py", line 169, in _connect
    conn = super(PooledDatabase, self)._connect()
  File "/ragflow/.venv/lib/python3.10/site-packages/peewee.py", line 4201, in _connect
    conn = mysql.connect(db=self.database, autocommit=True,
  File "/ragflow/.venv/lib/python3.10/site-packages/pymysql/connections.py", line 361, in __init__
    self.connect()
  File "/ragflow/.venv/lib/python3.10/site-packages/pymysql/connections.py", line 716, in connect
    raise exc
pymysql.err.OperationalError: (2003, "Can't connect to MySQL server on 'mysql' ([Errno -2] Name or service not known)")

During handling of the above exception, another exception occurred:

Traceback (most recent call last):
  File "/ragflow/api/ragflow_server.py", line 50, in update_progress
    DocumentService.update_progress()
  File "/ragflow/.venv/lib/python3.10/site-packages/peewee.py", line 3127, in inner
    with ConnectionContext(self.db):
  File "/ragflow/.venv/lib/python3.10/site-packages/peewee.py", line 3122, in __enter__
    self.db.connect()
  File "/ragflow/.venv/lib/python3.10/site-packages/playhouse/pool.py", line 121, in connect
    return super(PooledDatabase, self).connect(reuse_if_open)
  File "/ragflow/.venv/lib/python3.10/site-packages/peewee.py", line 3231, in connect
    with __exception_wrapper__:
  File "/ragflow/.venv/lib/python3.10/site-packages/peewee.py", line 3059, in __exit__
    reraise(new_type, new_type(exc_value, *exc_args), traceback)
  File "/ragflow/.venv/lib/python3.10/site-packages/peewee.py", line 192, in reraise
    raise value.with_traceback(tb)
  File "/ragflow/.venv/lib/python3.10/site-packages/peewee.py", line 3232, in connect
    self._state.set_connection(self._connect())
  File "/ragflow/.venv/lib/python3.10/site-packages/playhouse/pool.py", line 76, in inner
    return fn(self, *args, **kwargs)
  File "/ragflow/.venv/lib/python3.10/site-packages/playhouse/pool.py", line 169, in _connect
    conn = super(PooledDatabase, self)._connect()
  File "/ragflow/.venv/lib/python3.10/site-packages/peewee.py", line 4201, in _connect
    conn = mysql.connect(db=self.database, autocommit=True,
  File "/ragflow/.venv/lib/python3.10/site-packages/pymysql/connections.py", line 361, in __init__
    self.connect()
  File "/ragflow/.venv/lib/python3.10/site-packages/pymysql/connections.py", line 716, in connect
    raise exc
peewee.OperationalError: (2003, "Can't connect to MySQL server on 'mysql' ([Errno -2] Name or service not known)")
2025-01-08 11:46:38,632 ERROR    24 update_progress exception
Traceback (most recent call last):
  File "/ragflow/.venv/lib/python3.10/site-packages/pymysql/connections.py", line 649, in connect
    sock = socket.create_connection(
  File "/usr/lib/python3.10/socket.py", line 824, in create_connection
    for res in getaddrinfo(host, port, 0, SOCK_STREAM):
  File "/usr/lib/python3.10/socket.py", line 955, in getaddrinfo
    for res in _socket.getaddrinfo(host, port, family, type, proto, flags):
socket.gaierror: [Errno -3] Temporary failure in name resolution

During handling of the above exception, another exception occurred:

Traceback (most recent call last):
  File "/ragflow/.venv/lib/python3.10/site-packages/peewee.py", line 3232, in connect
    self._state.set_connection(self._connect())
  File "/ragflow/.venv/lib/python3.10/site-packages/playhouse/pool.py", line 76, in inner
    return fn(self, *args, **kwargs)
  File "/ragflow/.venv/lib/python3.10/site-packages/playhouse/pool.py", line 169, in _connect
    conn = super(PooledDatabase, self)._connect()
  File "/ragflow/.venv/lib/python3.10/site-packages/peewee.py", line 4201, in _connect
    conn = mysql.connect(db=self.database, autocommit=True,
  File "/ragflow/.venv/lib/python3.10/site-packages/pymysql/connections.py", line 361, in __init__
    self.connect()
  File "/ragflow/.venv/lib/python3.10/site-packages/pymysql/connections.py", line 716, in connect
    raise exc
pymysql.err.OperationalError: (2003, "Can't connect to MySQL server on 'mysql' ([Errno -3] Temporary failure in name resolution)")

During handling of the above exception, another exception occurred:

Traceback (most recent call last):
  File "/ragflow/api/ragflow_server.py", line 50, in update_progress
    DocumentService.update_progress()
  File "/ragflow/.venv/lib/python3.10/site-packages/peewee.py", line 3127, in inner
    with ConnectionContext(self.db):
  File "/ragflow/.venv/lib/python3.10/site-packages/peewee.py", line 3122, in __enter__
    self.db.connect()
  File "/ragflow/.venv/lib/python3.10/site-packages/playhouse/pool.py", line 121, in connect
    return super(PooledDatabase, self).connect(reuse_if_open)
  File "/ragflow/.venv/lib/python3.10/site-packages/peewee.py", line 3231, in connect
    with __exception_wrapper__:
  File "/ragflow/.venv/lib/python3.10/site-packages/peewee.py", line 3059, in __exit__
    reraise(new_type, new_type(exc_value, *exc_args), traceback)
  File "/ragflow/.venv/lib/python3.10/site-packages/peewee.py", line 192, in reraise
    raise value.with_traceback(tb)
  File "/ragflow/.venv/lib/python3.10/site-packages/peewee.py", line 3232, in connect
    self._state.set_connection(self._connect())
  File "/ragflow/.venv/lib/python3.10/site-packages/playhouse/pool.py", line 76, in inner
    return fn(self, *args, **kwargs)
  File "/ragflow/.venv/lib/python3.10/site-packages/playhouse/pool.py", line 169, in _connect
    conn = super(PooledDatabase, self)._connect()
  File "/ragflow/.venv/lib/python3.10/site-packages/peewee.py", line 4201, in _connect
    conn = mysql.connect(db=self.database, autocommit=True,
  File "/ragflow/.venv/lib/python3.10/site-packages/pymysql/connections.py", line 361, in __init__
    self.connect()
  File "/ragflow/.venv/lib/python3.10/site-packages/pymysql/connections.py", line 716, in connect
    raise exc
peewee.OperationalError: (2003, "Can't connect to MySQL server on 'mysql' ([Errno -3] Temporary failure in name resolution)")
2025-01-08 11:47:05,392 INFO     24 ragflow_server log path: /ragflow/logs/ragflow_server.log, log levels: {'peewee': 'WARNING', 'pdfminer': 'WARNING', 'root': 'INFO'}
2025-01-08 11:47:36,378 INFO     24 init database on cluster mode successfully
2025-01-08 11:47:45,771 INFO     24 
        ____   ___    ______ ______ __               
       / __ \ /   |  / ____// ____// /____  _      __
      / /_/ // /| | / / __ / /_   / // __ \| | /| / /
     / _, _// ___ |/ /_/ // __/  / // /_/ /| |/ |/ / 
    /_/ |_|/_/  |_|\____//_/    /_/ \____/ |__/|__/                             

    
2025-01-08 11:47:45,772 INFO     24 RAGFlow version: v0.15.1 slim
2025-01-08 11:47:45,772 INFO     24 project base: /ragflow
2025-01-08 11:47:45,773 INFO     24 Current configs, from /ragflow/conf/service_conf.yaml:
	ragflow: {'host': '0.0.0.0', 'http_port': 9380}
	mysql: {'name': 'rag_flow', 'user': 'root', 'password': '********', 'host': 'mysql', 'port': 3306, 'max_connections': 100, 'stale_timeout': 30}
	minio: {'user': 'rag_flow', 'password': '********', 'host': 'minio:9000'}
	es: {'hosts': 'http://es01:9200', 'username': 'elastic', 'password': '********'}
	infinity: {'uri': 'infinity:23817', 'db_name': 'default_db'}
	redis: {'db': 1, 'password': '********', 'host': 'redis:6379'}
2025-01-08 11:47:45,773 INFO     24 Use Elasticsearch http://es01:9200 as the doc engine.
2025-01-08 11:47:45,940 INFO     24 GET http://es01:9200/ [status:200 duration:0.165s]
2025-01-08 11:47:45,946 INFO     24 HEAD http://es01:9200/ [status:200 duration:0.005s]
2025-01-08 11:47:45,947 INFO     24 Elasticsearch http://es01:9200 is healthy.
2025-01-08 11:47:45,951 WARNING  24 Load term.freq FAIL!
2025-01-08 11:47:45,955 WARNING  24 Realtime synonym is disabled, since no redis connection.
2025-01-08 11:47:45,958 WARNING  24 Load term.freq FAIL!
2025-01-08 11:47:45,962 WARNING  24 Realtime synonym is disabled, since no redis connection.
2025-01-08 11:47:45,962 INFO     24 MAX_CONTENT_LENGTH: 134217728
2025-01-08 11:47:45,963 INFO     24 SERVER_QUEUE_MAX_LEN: 1024
2025-01-08 11:47:45,963 INFO     24 SERVER_QUEUE_RETENTION: 3600
2025-01-08 11:47:45,963 INFO     24 MAX_FILE_COUNT_PER_USER: 0
2025-01-08 11:47:52,264 INFO     94 ragflow_server log path: /ragflow/logs/ragflow_server.log, log levels: {'peewee': 'WARNING', 'pdfminer': 'WARNING', 'root': 'INFO'}
2025-01-08 11:47:56,993 INFO     94 init database on cluster mode successfully
2025-01-08 11:48:03,219 INFO     94 
        ____   ___    ______ ______ __               
       / __ \ /   |  / ____// ____// /____  _      __
      / /_/ // /| | / / __ / /_   / // __ \| | /| / /
     / _, _// ___ |/ /_/ // __/  / // /_/ /| |/ |/ / 
    /_/ |_|/_/  |_|\____//_/    /_/ \____/ |__/|__/                             

    
2025-01-08 11:48:03,220 INFO     94 RAGFlow version: v0.15.1 slim
2025-01-08 11:48:03,221 INFO     94 project base: /ragflow
2025-01-08 11:48:03,222 INFO     94 Current configs, from /ragflow/conf/service_conf.yaml:
	ragflow: {'host': '0.0.0.0', 'http_port': 9380}
	mysql: {'name': 'rag_flow', 'user': 'root', 'password': '********', 'host': 'mysql', 'port': 3306, 'max_connections': 100, 'stale_timeout': 30}
	minio: {'user': 'rag_flow', 'password': '********', 'host': 'minio:9000'}
	es: {'hosts': 'http://es01:9200', 'username': 'elastic', 'password': '********'}
	infinity: {'uri': 'infinity:23817', 'db_name': 'default_db'}
	redis: {'db': 1, 'password': '********', 'host': 'redis:6379'}
2025-01-08 11:48:03,222 INFO     94 Use Elasticsearch http://es01:9200 as the doc engine.
2025-01-08 11:48:03,230 INFO     94 GET http://es01:9200/ [status:200 duration:0.006s]
2025-01-08 11:48:03,233 INFO     94 HEAD http://es01:9200/ [status:200 duration:0.003s]
2025-01-08 11:48:03,234 INFO     94 Elasticsearch http://es01:9200 is healthy.
2025-01-08 11:48:03,237 WARNING  94 Load term.freq FAIL!
2025-01-08 11:48:03,240 WARNING  94 Realtime synonym is disabled, since no redis connection.
2025-01-08 11:48:03,244 WARNING  94 Load term.freq FAIL!
2025-01-08 11:48:03,247 WARNING  94 Realtime synonym is disabled, since no redis connection.
2025-01-08 11:48:03,248 INFO     94 MAX_CONTENT_LENGTH: 134217728
2025-01-08 11:48:03,249 INFO     94 SERVER_QUEUE_MAX_LEN: 1024
2025-01-08 11:48:03,249 INFO     94 SERVER_QUEUE_RETENTION: 3600
2025-01-08 11:48:03,249 INFO     94 MAX_FILE_COUNT_PER_USER: 0
2025-01-08 11:48:09,278 INFO     126 ragflow_server log path: /ragflow/logs/ragflow_server.log, log levels: {'peewee': 'WARNING', 'pdfminer': 'WARNING', 'root': 'INFO'}
2025-01-08 11:48:13,634 INFO     126 init database on cluster mode successfully
2025-01-08 11:48:19,882 INFO     126 
        ____   ___    ______ ______ __               
       / __ \ /   |  / ____// ____// /____  _      __
      / /_/ // /| | / / __ / /_   / // __ \| | /| / /
     / _, _// ___ |/ /_/ // __/  / // /_/ /| |/ |/ / 
    /_/ |_|/_/  |_|\____//_/    /_/ \____/ |__/|__/                             

    
2025-01-08 11:48:19,883 INFO     126 RAGFlow version: v0.15.1 slim
2025-01-08 11:48:19,885 INFO     126 project base: /ragflow
2025-01-08 11:48:19,886 INFO     126 Current configs, from /ragflow/conf/service_conf.yaml:
	ragflow: {'host': '0.0.0.0', 'http_port': 9380}
	mysql: {'name': 'rag_flow', 'user': 'root', 'password': '********', 'host': 'mysql', 'port': 3306, 'max_connections': 100, 'stale_timeout': 30}
	minio: {'user': 'rag_flow', 'password': '********', 'host': 'minio:9000'}
	es: {'hosts': 'http://es01:9200', 'username': 'elastic', 'password': '********'}
	infinity: {'uri': 'infinity:23817', 'db_name': 'default_db'}
	redis: {'db': 1, 'password': '********', 'host': 'redis:6379'}
2025-01-08 11:48:19,886 INFO     126 Use Elasticsearch http://es01:9200 as the doc engine.
2025-01-08 11:48:19,893 INFO     126 GET http://es01:9200/ [status:200 duration:0.005s]
2025-01-08 11:48:19,897 INFO     126 HEAD http://es01:9200/ [status:200 duration:0.003s]
2025-01-08 11:48:19,898 INFO     126 Elasticsearch http://es01:9200 is healthy.
2025-01-08 11:48:19,901 WARNING  126 Load term.freq FAIL!
2025-01-08 11:48:19,905 WARNING  126 Realtime synonym is disabled, since no redis connection.
2025-01-08 11:48:19,911 WARNING  126 Load term.freq FAIL!
2025-01-08 11:48:19,915 WARNING  126 Realtime synonym is disabled, since no redis connection.
2025-01-08 11:48:19,915 INFO     126 MAX_CONTENT_LENGTH: 134217728
2025-01-08 11:48:19,916 INFO     126 SERVER_QUEUE_MAX_LEN: 1024
2025-01-08 11:48:19,916 INFO     126 SERVER_QUEUE_RETENTION: 3600
2025-01-08 11:48:19,917 INFO     126 MAX_FILE_COUNT_PER_USER: 0
2025-01-08 11:48:21,626 INFO     126 init web data success:1.4644532203674316
2025-01-08 11:48:21,627 INFO     126 RAGFlow HTTP server start...
2025-01-08 11:48:21,629 INFO     126 [31m[1mWARNING: This is a development server. Do not use it in a production deployment. Use a production WSGI server instead.[0m
 * Running on all addresses (0.0.0.0)
 * Running on http://127.0.0.1:9380
 * Running on http://172.19.0.2:9380
2025-01-08 11:48:21,629 INFO     126 [33mPress CTRL+C to quit[0m
2025-01-08 11:48:44,726 INFO     126 172.19.0.2 - - [08/Jan/2025 11:48:44] "GET /v1/user/info HTTP/1.1" 200 -
2025-01-08 11:48:44,837 INFO     126 172.19.0.2 - - [08/Jan/2025 11:48:44] "GET /v1/user/info HTTP/1.1" 200 -
2025-01-08 11:48:44,842 INFO     126 172.19.0.2 - - [08/Jan/2025 11:48:44] "GET /v1/kb/list?page=1&page_size=30&keywords= HTTP/1.1" 200 -
2025-01-08 11:48:44,874 INFO     126 172.19.0.2 - - [08/Jan/2025 11:48:44] "GET /v1/user/info HTTP/1.1" 200 -
2025-01-08 11:48:46,220 INFO     126 172.19.0.2 - - [08/Jan/2025 11:48:46] "GET /v1/user/tenant_info HTTP/1.1" 200 -
2025-01-08 11:48:46,229 INFO     126 172.19.0.2 - - [08/Jan/2025 11:48:46] "GET /v1/kb/detail?kb_id=870d6b52cd7111ef9e010242ac130006 HTTP/1.1" 200 -
2025-01-08 11:48:46,229 INFO     126 172.19.0.2 - - [08/Jan/2025 11:48:46] "GET /v1/document/list?kb_id=870d6b52cd7111ef9e010242ac130006&keywords=&page_size=10&page=1 HTTP/1.1" 200 -
2025-01-08 11:48:46,298 INFO     126 172.19.0.2 - - [08/Jan/2025 11:48:46] "GET /v1/document/image/870d6b52cd7111ef9e010242ac130006-thumbnail_bf06d7d2cd7111ef8c650242ac130006.png HTTP/1.1" 200 -
2025-01-08 11:48:48,994 INFO     126 172.19.0.2 - - [08/Jan/2025 11:48:48] "POST /v1/document/run HTTP/1.1" 200 -
2025-01-08 11:48:49,011 INFO     126 172.19.0.2 - - [08/Jan/2025 11:48:49] "GET /v1/document/list?kb_id=870d6b52cd7111ef9e010242ac130006&keywords=&page_size=10&page=1 HTTP/1.1" 200 -
2025-01-08 11:49:04,096 INFO     126 172.19.0.2 - - [08/Jan/2025 11:49:04] "GET /v1/document/list?kb_id=870d6b52cd7111ef9e010242ac130006&keywords=&page_size=10&page=1 HTTP/1.1" 200 -
2025-01-08 11:49:19,128 INFO     126 172.19.0.2 - - [08/Jan/2025 11:49:19] "GET /v1/document/list?kb_id=870d6b52cd7111ef9e010242ac130006&keywords=&page_size=10&page=1 HTTP/1.1" 200 -
2025-01-08 11:49:34,155 INFO     126 172.19.0.2 - - [08/Jan/2025 11:49:34] "GET /v1/document/list?kb_id=870d6b52cd7111ef9e010242ac130006&keywords=&page_size=10&page=1 HTTP/1.1" 200 -
2025-01-08 11:57:34,817 INFO     126 172.19.0.2 - - [08/Jan/2025 11:57:34] "GET /v1/user/info HTTP/1.1" 200 -
2025-01-08 11:57:34,829 INFO     126 172.19.0.2 - - [08/Jan/2025 11:57:34] "GET /v1/user/tenant_info HTTP/1.1" 200 -
2025-01-08 11:57:34,831 INFO     126 172.19.0.2 - - [08/Jan/2025 11:57:34] "GET /v1/kb/detail?kb_id=870d6b52cd7111ef9e010242ac130006 HTTP/1.1" 200 -
2025-01-08 11:57:34,835 INFO     126 172.19.0.2 - - [08/Jan/2025 11:57:34] "GET /v1/document/list?kb_id=870d6b52cd7111ef9e010242ac130006&keywords=&page_size=10&page=1 HTTP/1.1" 200 -
2025-01-08 12:06:55,836 INFO     23 ragflow_server log path: /ragflow/logs/ragflow_server.log, log levels: {'peewee': 'WARNING', 'pdfminer': 'WARNING', 'root': 'INFO'}
2025-01-08 12:07:02,196 INFO     23 init database on cluster mode successfully
2025-01-08 12:07:10,036 INFO     23 
        ____   ___    ______ ______ __               
       / __ \ /   |  / ____// ____// /____  _      __
      / /_/ // /| | / / __ / /_   / // __ \| | /| / /
     / _, _// ___ |/ /_/ // __/  / // /_/ /| |/ |/ / 
    /_/ |_|/_/  |_|\____//_/    /_/ \____/ |__/|__/                             

    
2025-01-08 12:07:10,037 INFO     23 RAGFlow version: v0.15.1 slim
2025-01-08 12:07:10,038 INFO     23 project base: /ragflow
2025-01-08 12:07:10,039 INFO     23 Current configs, from /ragflow/conf/service_conf.yaml:
	ragflow: {'host': '0.0.0.0', 'http_port': 9380}
	mysql: {'name': 'rag_flow', 'user': 'root', 'password': '********', 'host': 'mysql', 'port': 3306, 'max_connections': 100, 'stale_timeout': 30}
	minio: {'user': 'rag_flow', 'password': '********', 'host': 'minio:9000'}
	es: {'hosts': 'http://es01:9200', 'username': 'elastic', 'password': '********'}
	infinity: {'uri': 'infinity:23817', 'db_name': 'default_db'}
	redis: {'db': 1, 'password': '********', 'host': 'redis:6379'}
2025-01-08 12:07:10,040 INFO     23 Use Elasticsearch http://es01:9200 as the doc engine.
2025-01-08 12:07:10,126 INFO     23 GET http://es01:9200/ [status:200 duration:0.084s]
2025-01-08 12:07:10,132 INFO     23 HEAD http://es01:9200/ [status:200 duration:0.005s]
2025-01-08 12:07:10,133 INFO     23 Elasticsearch http://es01:9200 is healthy.
2025-01-08 12:07:10,138 WARNING  23 Load term.freq FAIL!
2025-01-08 12:07:10,142 WARNING  23 Realtime synonym is disabled, since no redis connection.
2025-01-08 12:07:10,146 WARNING  23 Load term.freq FAIL!
2025-01-08 12:07:10,149 WARNING  23 Realtime synonym is disabled, since no redis connection.
2025-01-08 12:07:10,149 INFO     23 MAX_CONTENT_LENGTH: 134217728
2025-01-08 12:07:10,150 INFO     23 SERVER_QUEUE_MAX_LEN: 1024
2025-01-08 12:07:10,150 INFO     23 SERVER_QUEUE_RETENTION: 3600
2025-01-08 12:07:10,151 INFO     23 MAX_FILE_COUNT_PER_USER: 0
2025-01-08 12:07:18,434 INFO     23 init web data success:6.78659462928772
2025-01-08 12:07:18,436 INFO     23 RAGFlow HTTP server start...
2025-01-08 12:07:18,443 INFO     23 [31m[1mWARNING: This is a development server. Do not use it in a production deployment. Use a production WSGI server instead.[0m
 * Running on all addresses (0.0.0.0)
 * Running on http://127.0.0.1:9380
 * Running on http://172.19.0.6:9380
2025-01-08 12:07:18,444 INFO     23 [33mPress CTRL+C to quit[0m
2025-01-08 12:08:27,169 INFO     23 172.19.0.6 - - [08/Jan/2025 12:08:27] "GET /v1/user/info HTTP/1.1" 200 -
2025-01-08 12:08:27,278 INFO     23 172.19.0.6 - - [08/Jan/2025 12:08:27] "GET /v1/user/info HTTP/1.1" 200 -
2025-01-08 12:08:27,295 INFO     23 172.19.0.6 - - [08/Jan/2025 12:08:27] "GET /v1/kb/list?page=1&page_size=30&keywords= HTTP/1.1" 200 -
2025-01-08 12:08:27,328 INFO     23 172.19.0.6 - - [08/Jan/2025 12:08:27] "GET /v1/user/info HTTP/1.1" 200 -
2025-01-08 12:08:29,081 INFO     23 172.19.0.6 - - [08/Jan/2025 12:08:29] "GET /v1/user/tenant_info HTTP/1.1" 200 -
2025-01-08 12:08:29,091 INFO     23 172.19.0.6 - - [08/Jan/2025 12:08:29] "GET /v1/kb/detail?kb_id=870d6b52cd7111ef9e010242ac130006 HTTP/1.1" 200 -
2025-01-08 12:08:29,097 INFO     23 172.19.0.6 - - [08/Jan/2025 12:08:29] "GET /v1/document/list?kb_id=870d6b52cd7111ef9e010242ac130006&keywords=&page_size=10&page=1 HTTP/1.1" 200 -
2025-01-08 12:08:29,162 INFO     23 172.19.0.6 - - [08/Jan/2025 12:08:29] "GET /v1/document/image/870d6b52cd7111ef9e010242ac130006-thumbnail_bf06d7d2cd7111ef8c650242ac130006.png HTTP/1.1" 200 -
2025-01-08 12:08:32,984 INFO     23 172.19.0.6 - - [08/Jan/2025 12:08:32] "POST /v1/document/run HTTP/1.1" 200 -
2025-01-08 12:08:33,000 INFO     23 172.19.0.6 - - [08/Jan/2025 12:08:33] "GET /v1/document/list?kb_id=870d6b52cd7111ef9e010242ac130006&keywords=&page_size=10&page=1 HTTP/1.1" 200 -
2025-01-08 12:08:48,083 INFO     23 172.19.0.6 - - [08/Jan/2025 12:08:48] "GET /v1/document/list?kb_id=870d6b52cd7111ef9e010242ac130006&keywords=&page_size=10&page=1 HTTP/1.1" 200 -
2025-01-08 12:09:03,113 INFO     23 172.19.0.6 - - [08/Jan/2025 12:09:03] "GET /v1/document/list?kb_id=870d6b52cd7111ef9e010242ac130006&keywords=&page_size=10&page=1 HTTP/1.1" 200 -
2025-01-08 12:09:18,132 INFO     23 172.19.0.6 - - [08/Jan/2025 12:09:18] "GET /v1/document/list?kb_id=870d6b52cd7111ef9e010242ac130006&keywords=&page_size=10&page=1 HTTP/1.1" 200 -
2025-01-08 12:09:33,153 INFO     23 172.19.0.6 - - [08/Jan/2025 12:09:33] "GET /v1/document/list?kb_id=870d6b52cd7111ef9e010242ac130006&keywords=&page_size=10&page=1 HTTP/1.1" 200 -
2025-01-08 12:09:48,179 INFO     23 172.19.0.6 - - [08/Jan/2025 12:09:48] "GET /v1/document/list?kb_id=870d6b52cd7111ef9e010242ac130006&keywords=&page_size=10&page=1 HTTP/1.1" 200 -
2025-01-08 12:10:03,196 INFO     23 172.19.0.6 - - [08/Jan/2025 12:10:03] "GET /v1/document/list?kb_id=870d6b52cd7111ef9e010242ac130006&keywords=&page_size=10&page=1 HTTP/1.1" 200 -
2025-01-08 12:10:18,228 INFO     23 172.19.0.6 - - [08/Jan/2025 12:10:18] "GET /v1/document/list?kb_id=870d6b52cd7111ef9e010242ac130006&keywords=&page_size=10&page=1 HTTP/1.1" 200 -
2025-01-08 12:10:33,247 INFO     23 172.19.0.6 - - [08/Jan/2025 12:10:33] "GET /v1/document/list?kb_id=870d6b52cd7111ef9e010242ac130006&keywords=&page_size=10&page=1 HTTP/1.1" 200 -
2025-01-08 12:13:13,078 ERROR    23 update_progress exception
Traceback (most recent call last):
  File "/ragflow/.venv/lib/python3.10/site-packages/peewee.py", line 3291, in execute_sql
    cursor.execute(sql, params or ())
  File "/ragflow/.venv/lib/python3.10/site-packages/pymysql/cursors.py", line 153, in execute
    result = self._query(query)
  File "/ragflow/.venv/lib/python3.10/site-packages/pymysql/cursors.py", line 322, in _query
    conn.query(q)
  File "/ragflow/.venv/lib/python3.10/site-packages/pymysql/connections.py", line 563, in query
    self._affected_rows = self._read_query_result(unbuffered=unbuffered)
  File "/ragflow/.venv/lib/python3.10/site-packages/pymysql/connections.py", line 825, in _read_query_result
    result.read()
  File "/ragflow/.venv/lib/python3.10/site-packages/pymysql/connections.py", line 1199, in read
    first_packet = self.connection._read_packet()
  File "/ragflow/.venv/lib/python3.10/site-packages/pymysql/connections.py", line 744, in _read_packet
    packet_header = self._read_bytes(4)
  File "/ragflow/.venv/lib/python3.10/site-packages/pymysql/connections.py", line 798, in _read_bytes
    raise err.OperationalError(
pymysql.err.OperationalError: (2013, 'Lost connection to MySQL server during query')

During handling of the above exception, another exception occurred:

Traceback (most recent call last):
  File "/ragflow/api/ragflow_server.py", line 50, in update_progress
    DocumentService.update_progress()
  File "/ragflow/.venv/lib/python3.10/site-packages/peewee.py", line 3128, in inner
    return fn(*args, **kwargs)
  File "/ragflow/api/db/services/document_service.py", line 371, in update_progress
    docs = cls.get_unfinished_docs()
  File "/ragflow/.venv/lib/python3.10/site-packages/peewee.py", line 3128, in inner
    return fn(*args, **kwargs)
  File "/ragflow/api/db/services/document_service.py", line 155, in get_unfinished_docs
    return list(docs.dicts())
  File "/ragflow/.venv/lib/python3.10/site-packages/peewee.py", line 7243, in __iter__
    self.execute()
  File "/ragflow/.venv/lib/python3.10/site-packages/peewee.py", line 2011, in inner
    return method(self, database, *args, **kwargs)
  File "/ragflow/.venv/lib/python3.10/site-packages/peewee.py", line 2082, in execute
    return self._execute(database)
  File "/ragflow/.venv/lib/python3.10/site-packages/peewee.py", line 2255, in _execute
    cursor = database.execute(self)
  File "/ragflow/.venv/lib/python3.10/site-packages/peewee.py", line 3299, in execute
    return self.execute_sql(sql, params)
  File "/ragflow/.venv/lib/python3.10/site-packages/peewee.py", line 3289, in execute_sql
    with __exception_wrapper__:
  File "/ragflow/.venv/lib/python3.10/site-packages/peewee.py", line 3059, in __exit__
    reraise(new_type, new_type(exc_value, *exc_args), traceback)
  File "/ragflow/.venv/lib/python3.10/site-packages/peewee.py", line 192, in reraise
    raise value.with_traceback(tb)
  File "/ragflow/.venv/lib/python3.10/site-packages/peewee.py", line 3291, in execute_sql
    cursor.execute(sql, params or ())
  File "/ragflow/.venv/lib/python3.10/site-packages/pymysql/cursors.py", line 153, in execute
    result = self._query(query)
  File "/ragflow/.venv/lib/python3.10/site-packages/pymysql/cursors.py", line 322, in _query
    conn.query(q)
  File "/ragflow/.venv/lib/python3.10/site-packages/pymysql/connections.py", line 563, in query
    self._affected_rows = self._read_query_result(unbuffered=unbuffered)
  File "/ragflow/.venv/lib/python3.10/site-packages/pymysql/connections.py", line 825, in _read_query_result
    result.read()
  File "/ragflow/.venv/lib/python3.10/site-packages/pymysql/connections.py", line 1199, in read
    first_packet = self.connection._read_packet()
  File "/ragflow/.venv/lib/python3.10/site-packages/pymysql/connections.py", line 744, in _read_packet
    packet_header = self._read_bytes(4)
  File "/ragflow/.venv/lib/python3.10/site-packages/pymysql/connections.py", line 798, in _read_bytes
    raise err.OperationalError(
peewee.OperationalError: (2013, 'Lost connection to MySQL server during query')
2025-01-08 12:13:16,137 ERROR    23 update_progress exception
Traceback (most recent call last):
  File "/ragflow/.venv/lib/python3.10/site-packages/pymysql/connections.py", line 649, in connect
    sock = socket.create_connection(
  File "/usr/lib/python3.10/socket.py", line 845, in create_connection
    raise err
  File "/usr/lib/python3.10/socket.py", line 833, in create_connection
    sock.connect(sa)
ConnectionRefusedError: [Errno 111] Connection refused

During handling of the above exception, another exception occurred:

Traceback (most recent call last):
  File "/ragflow/.venv/lib/python3.10/site-packages/peewee.py", line 3232, in connect
    self._state.set_connection(self._connect())
  File "/ragflow/.venv/lib/python3.10/site-packages/playhouse/pool.py", line 76, in inner
    return fn(self, *args, **kwargs)
  File "/ragflow/.venv/lib/python3.10/site-packages/playhouse/pool.py", line 169, in _connect
    conn = super(PooledDatabase, self)._connect()
  File "/ragflow/.venv/lib/python3.10/site-packages/peewee.py", line 4201, in _connect
    conn = mysql.connect(db=self.database, autocommit=True,
  File "/ragflow/.venv/lib/python3.10/site-packages/pymysql/connections.py", line 361, in __init__
    self.connect()
  File "/ragflow/.venv/lib/python3.10/site-packages/pymysql/connections.py", line 716, in connect
    raise exc
pymysql.err.OperationalError: (2003, "Can't connect to MySQL server on 'mysql' ([Errno 111] Connection refused)")

During handling of the above exception, another exception occurred:

Traceback (most recent call last):
  File "/ragflow/api/ragflow_server.py", line 50, in update_progress
    DocumentService.update_progress()
  File "/ragflow/.venv/lib/python3.10/site-packages/peewee.py", line 3127, in inner
    with ConnectionContext(self.db):
  File "/ragflow/.venv/lib/python3.10/site-packages/peewee.py", line 3122, in __enter__
    self.db.connect()
  File "/ragflow/.venv/lib/python3.10/site-packages/playhouse/pool.py", line 121, in connect
    return super(PooledDatabase, self).connect(reuse_if_open)
  File "/ragflow/.venv/lib/python3.10/site-packages/peewee.py", line 3231, in connect
    with __exception_wrapper__:
  File "/ragflow/.venv/lib/python3.10/site-packages/peewee.py", line 3059, in __exit__
    reraise(new_type, new_type(exc_value, *exc_args), traceback)
  File "/ragflow/.venv/lib/python3.10/site-packages/peewee.py", line 192, in reraise
    raise value.with_traceback(tb)
  File "/ragflow/.venv/lib/python3.10/site-packages/peewee.py", line 3232, in connect
    self._state.set_connection(self._connect())
  File "/ragflow/.venv/lib/python3.10/site-packages/playhouse/pool.py", line 76, in inner
    return fn(self, *args, **kwargs)
  File "/ragflow/.venv/lib/python3.10/site-packages/playhouse/pool.py", line 169, in _connect
    conn = super(PooledDatabase, self)._connect()
  File "/ragflow/.venv/lib/python3.10/site-packages/peewee.py", line 4201, in _connect
    conn = mysql.connect(db=self.database, autocommit=True,
  File "/ragflow/.venv/lib/python3.10/site-packages/pymysql/connections.py", line 361, in __init__
    self.connect()
  File "/ragflow/.venv/lib/python3.10/site-packages/pymysql/connections.py", line 716, in connect
    raise exc
peewee.OperationalError: (2003, "Can't connect to MySQL server on 'mysql' ([Errno 111] Connection refused)")
2025-01-08 12:13:29,989 INFO     23 ragflow_server log path: /ragflow/logs/ragflow_server.log, log levels: {'peewee': 'WARNING', 'pdfminer': 'WARNING', 'root': 'INFO'}
2025-01-08 12:13:36,874 INFO     23 init database on cluster mode successfully
2025-01-08 12:13:46,571 INFO     23 
        ____   ___    ______ ______ __               
       / __ \ /   |  / ____// ____// /____  _      __
      / /_/ // /| | / / __ / /_   / // __ \| | /| / /
     / _, _// ___ |/ /_/ // __/  / // /_/ /| |/ |/ / 
    /_/ |_|/_/  |_|\____//_/    /_/ \____/ |__/|__/                             

    
2025-01-08 12:13:46,572 INFO     23 RAGFlow version: v0.15.1 slim
2025-01-08 12:13:46,572 INFO     23 project base: /ragflow
2025-01-08 12:13:46,573 INFO     23 Current configs, from /ragflow/conf/service_conf.yaml:
	ragflow: {'host': '0.0.0.0', 'http_port': 9380}
	mysql: {'name': 'rag_flow', 'user': 'root', 'password': '********', 'host': 'mysql', 'port': 3306, 'max_connections': 100, 'stale_timeout': 30}
	minio: {'user': 'rag_flow', 'password': '********', 'host': 'minio:9000'}
	es: {'hosts': 'http://es01:9200', 'username': 'elastic', 'password': '********'}
	infinity: {'uri': 'infinity:23817', 'db_name': 'default_db'}
	redis: {'db': 1, 'password': '********', 'host': 'redis:6379'}
2025-01-08 12:13:46,574 INFO     23 Use Elasticsearch http://es01:9200 as the doc engine.
2025-01-08 12:13:46,657 INFO     23 GET http://es01:9200/ [status:200 duration:0.081s]
2025-01-08 12:13:46,663 INFO     23 HEAD http://es01:9200/ [status:200 duration:0.005s]
2025-01-08 12:13:46,664 INFO     23 Elasticsearch http://es01:9200 is healthy.
2025-01-08 12:13:46,669 WARNING  23 Load term.freq FAIL!
2025-01-08 12:13:46,673 WARNING  23 Realtime synonym is disabled, since no redis connection.
2025-01-08 12:13:46,678 WARNING  23 Load term.freq FAIL!
2025-01-08 12:13:46,682 WARNING  23 Realtime synonym is disabled, since no redis connection.
2025-01-08 12:13:46,683 INFO     23 MAX_CONTENT_LENGTH: 134217728
2025-01-08 12:13:46,683 INFO     23 SERVER_QUEUE_MAX_LEN: 1024
2025-01-08 12:13:46,684 INFO     23 SERVER_QUEUE_RETENTION: 3600
2025-01-08 12:13:46,685 INFO     23 MAX_FILE_COUNT_PER_USER: 0
2025-01-08 12:13:56,794 INFO     23 init web data success:8.78840160369873
2025-01-08 12:13:56,795 INFO     23 RAGFlow HTTP server start...
2025-01-08 12:13:56,803 INFO     23 [31m[1mWARNING: This is a development server. Do not use it in a production deployment. Use a production WSGI server instead.[0m
 * Running on all addresses (0.0.0.0)
 * Running on http://127.0.0.1:9380
 * Running on http://172.19.0.6:9380
2025-01-08 12:13:56,804 INFO     23 [33mPress CTRL+C to quit[0m
2025-01-08 12:14:10,539 INFO     23 172.19.0.6 - - [08/Jan/2025 12:14:10] "GET /v1/user/info HTTP/1.1" 200 -
2025-01-08 12:14:10,547 INFO     23 172.19.0.6 - - [08/Jan/2025 12:14:10] "GET /v1/user/tenant_info HTTP/1.1" 200 -
2025-01-08 12:14:10,557 INFO     23 172.19.0.6 - - [08/Jan/2025 12:14:10] "GET /v1/kb/detail?kb_id=870d6b52cd7111ef9e010242ac130006 HTTP/1.1" 200 -
2025-01-08 12:14:10,562 INFO     23 172.19.0.6 - - [08/Jan/2025 12:14:10] "GET /v1/document/list?kb_id=870d6b52cd7111ef9e010242ac130006&keywords=&page_size=10&page=1 HTTP/1.1" 200 -
2025-01-08 12:14:15,501 INFO     23 172.19.0.6 - - [08/Jan/2025 12:14:15] "GET /v1/user/info HTTP/1.1" 200 -
2025-01-08 12:14:15,513 INFO     23 172.19.0.6 - - [08/Jan/2025 12:14:15] "GET /v1/kb/list?page=1&page_size=30&keywords= HTTP/1.1" 200 -
2025-01-08 12:14:15,537 INFO     23 172.19.0.6 - - [08/Jan/2025 12:14:15] "GET /v1/user/info HTTP/1.1" 200 -
2025-01-08 12:14:20,040 INFO     23 172.19.0.6 - - [08/Jan/2025 12:14:20] "POST /v1/kb/create HTTP/1.1" 200 -
2025-01-08 12:14:20,103 INFO     23 172.19.0.6 - - [08/Jan/2025 12:14:20] "GET /v1/kb/detail?kb_id=088f01c2cd7711efb36b0242ac130006 HTTP/1.1" 200 -
2025-01-08 12:14:20,346 INFO     23 172.19.0.6 - - [08/Jan/2025 12:14:20] "GET /v1/user/tenant_info HTTP/1.1" 200 -
2025-01-08 12:14:20,359 INFO     23 172.19.0.6 - - [08/Jan/2025 12:14:20] "GET /v1/kb/detail?kb_id=088f01c2cd7711efb36b0242ac130006 HTTP/1.1" 200 -
2025-01-08 12:14:20,386 INFO     23 172.19.0.6 - - [08/Jan/2025 12:14:20] "GET /v1/llm/list HTTP/1.1" 200 -
2025-01-08 12:14:48,043 INFO     23 172.19.0.6 - - [08/Jan/2025 12:14:48] "GET /v1/user/tenant_info HTTP/1.1" 200 -
2025-01-08 12:14:48,044 INFO     23 172.19.0.6 - - [08/Jan/2025 12:14:48] "GET /v1/document/image/870d6b52cd7111ef9e010242ac130006-thumbnail_bf06d7d2cd7111ef8c650242ac130006.png HTTP/1.1" 200 -
2025-01-08 12:14:48,055 INFO     23 172.19.0.6 - - [08/Jan/2025 12:14:48] "GET /v1/document/list?kb_id=088f01c2cd7711efb36b0242ac130006&keywords=&page_size=10&page=1 HTTP/1.1" 200 -
2025-01-08 12:14:48,063 INFO     23 172.19.0.6 - - [08/Jan/2025 12:14:48] "POST /v1/kb/update HTTP/1.1" 200 -
2025-01-08 12:14:48,093 INFO     23 172.19.0.6 - - [08/Jan/2025 12:14:48] "GET /v1/kb/detail?kb_id=088f01c2cd7711efb36b0242ac130006 HTTP/1.1" 200 -
2025-01-08 12:14:50,370 INFO     23 172.19.0.6 - - [08/Jan/2025 12:14:50] "GET /v1/llm/list HTTP/1.1" 200 -
2025-01-08 12:14:51,476 INFO     23 172.19.0.6 - - [08/Jan/2025 12:14:51] "GET /v1/user/tenant_info HTTP/1.1" 200 -
2025-01-08 12:14:51,509 INFO     23 172.19.0.6 - - [08/Jan/2025 12:14:51] "GET /v1/kb/detail?kb_id=088f01c2cd7711efb36b0242ac130006 HTTP/1.1" 200 -
2025-01-08 12:14:51,511 INFO     23 172.19.0.6 - - [08/Jan/2025 12:14:51] "GET /v1/llm/list HTTP/1.1" 200 -
2025-01-08 12:14:52,607 INFO     23 172.19.0.6 - - [08/Jan/2025 12:14:52] "GET /v1/user/tenant_info HTTP/1.1" 200 -
2025-01-08 12:14:52,612 INFO     23 172.19.0.6 - - [08/Jan/2025 12:14:52] "GET /v1/document/list?kb_id=088f01c2cd7711efb36b0242ac130006&keywords=&page_size=10&page=1 HTTP/1.1" 200 -
2025-01-08 12:14:58,626 INFO     23 172.19.0.6 - - [08/Jan/2025 12:14:58] "POST /v1/document/upload HTTP/1.1" 200 -
2025-01-08 12:14:58,642 INFO     23 172.19.0.6 - - [08/Jan/2025 12:14:58] "GET /v1/document/list?kb_id=088f01c2cd7711efb36b0242ac130006&keywords=&page_size=10&page=1 HTTP/1.1" 200 -
2025-01-08 12:14:58,706 INFO     23 172.19.0.6 - - [08/Jan/2025 12:14:58] "GET /v1/document/image/088f01c2cd7711efb36b0242ac130006-thumbnail_1f78118acd7711efb6150242ac130006.png HTTP/1.1" 200 -
2025-01-08 12:15:03,197 INFO     23 172.19.0.6 - - [08/Jan/2025 12:15:03] "POST /v1/document/run HTTP/1.1" 200 -
2025-01-08 12:15:03,210 INFO     23 172.19.0.6 - - [08/Jan/2025 12:15:03] "GET /v1/document/list?kb_id=088f01c2cd7711efb36b0242ac130006&keywords=&page_size=10&page=1 HTTP/1.1" 200 -
2025-01-08 12:15:18,240 INFO     23 172.19.0.6 - - [08/Jan/2025 12:15:18] "GET /v1/document/list?kb_id=088f01c2cd7711efb36b0242ac130006&keywords=&page_size=10&page=1 HTTP/1.1" 200 -
2025-01-08 12:15:33,275 INFO     23 172.19.0.6 - - [08/Jan/2025 12:15:33] "GET /v1/document/list?kb_id=088f01c2cd7711efb36b0242ac130006&keywords=&page_size=10&page=1 HTTP/1.1" 200 -
2025-01-08 12:15:48,306 INFO     23 172.19.0.6 - - [08/Jan/2025 12:15:48] "GET /v1/document/list?kb_id=088f01c2cd7711efb36b0242ac130006&keywords=&page_size=10&page=1 HTTP/1.1" 200 -
2025-01-08 12:16:03,337 INFO     23 172.19.0.6 - - [08/Jan/2025 12:16:03] "GET /v1/document/list?kb_id=088f01c2cd7711efb36b0242ac130006&keywords=&page_size=10&page=1 HTTP/1.1" 200 -
2025-01-08 12:16:16,660 INFO     23 POST http://es01:9200/ragflow_4648d13ccd6811ef93f20242ac130006/_search [status:404 duration:0.021s]
2025-01-08 12:16:16,663 ERROR    23 ESConnection.search ['ragflow_4648d13ccd6811ef93f20242ac130006'] query: {'query': {'bool': {'filter': [{'terms': {'doc_id': ['1f78118acd7711efb6150242ac130006']}}, {'terms': {'knowledge_graph_kwd': ['graph', 'mind_map']}}, {'terms': {'kb_id': ['088f01c2cd7711efb36b0242ac130006', '5923c7a8cd6811efb0e00242ac130006', '870d6b52cd7111ef9e010242ac130006']}}], 'should': [{'rank_feature': {'field': 'pagerank_fea', 'linear': {}, 'boost': 10}}]}}, 'from': 0, 'size': 1024, 'timeout': '600s', 'track_total_hits': True}
Traceback (most recent call last):
  File "/ragflow/rag/utils/es_conn.py", line 205, in search
    res = self.es.search(index=indexNames,
  File "/ragflow/.venv/lib/python3.10/site-packages/elasticsearch/_sync/client/utils.py", line 446, in wrapped
    return api(*args, **kwargs)
  File "/ragflow/.venv/lib/python3.10/site-packages/elasticsearch/_sync/client/__init__.py", line 3836, in search
    return self.perform_request(  # type: ignore[return-value]
  File "/ragflow/.venv/lib/python3.10/site-packages/elasticsearch/_sync/client/_base.py", line 320, in perform_request
    raise HTTP_EXCEPTIONS.get(meta.status, ApiError)(
elasticsearch.NotFoundError: NotFoundError(404, 'index_not_found_exception', 'no such index [ragflow_4648d13ccd6811ef93f20242ac130006]', ragflow_4648d13ccd6811ef93f20242ac130006, index_or_alias)
2025-01-08 12:16:16,667 INFO     23 POST http://es01:9200/ragflow_4648d13ccd6811ef93f20242ac130006/_search [status:404 duration:0.006s]
2025-01-08 12:16:16,667 ERROR    23 NotFoundError(404, 'index_not_found_exception', 'no such index [ragflow_4648d13ccd6811ef93f20242ac130006]', ragflow_4648d13ccd6811ef93f20242ac130006, index_or_alias)
Traceback (most recent call last):
  File "/ragflow/.venv/lib/python3.10/site-packages/flask/app.py", line 880, in full_dispatch_request
    rv = self.dispatch_request()
  File "/ragflow/.venv/lib/python3.10/site-packages/flask/app.py", line 865, in dispatch_request
    return self.ensure_sync(self.view_functions[rule.endpoint])(**view_args)  # type: ignore[no-any-return]
  File "/ragflow/.venv/lib/python3.10/site-packages/flask_login/utils.py", line 290, in decorated_view
    return current_app.ensure_sync(func)(*args, **kwargs)
  File "/ragflow/api/apps/chunk_app.py", line 325, in knowledge_graph
    sres = settings.retrievaler.search(req, search.index_name(tenant_id), kb_ids)
  File "<@beartype(rag.nlp.search.Dealer.search) at 0x7fe9fdcf0c10>", line 72, in search
  File "/ragflow/rag/nlp/search.py", line 87, in search
    res = self.dataStore.search(src, [], filters, [], orderBy, offset, limit, idx_names, kb_ids)
  File "/ragflow/rag/utils/es_conn.py", line 219, in search
    raise e
  File "/ragflow/rag/utils/es_conn.py", line 205, in search
    res = self.es.search(index=indexNames,
  File "/ragflow/.venv/lib/python3.10/site-packages/elasticsearch/_sync/client/utils.py", line 446, in wrapped
    return api(*args, **kwargs)
  File "/ragflow/.venv/lib/python3.10/site-packages/elasticsearch/_sync/client/__init__.py", line 3836, in search
    return self.perform_request(  # type: ignore[return-value]
  File "/ragflow/.venv/lib/python3.10/site-packages/elasticsearch/_sync/client/_base.py", line 320, in perform_request
    raise HTTP_EXCEPTIONS.get(meta.status, ApiError)(
elasticsearch.NotFoundError: NotFoundError(404, 'index_not_found_exception', 'no such index [ragflow_4648d13ccd6811ef93f20242ac130006]', ragflow_4648d13ccd6811ef93f20242ac130006, index_or_alias)
2025-01-08 12:16:16,668 ERROR    23 ESConnection.search ['ragflow_4648d13ccd6811ef93f20242ac130006'] query: {'query': {'bool': {'filter': [{'terms': {'doc_id': ['1f78118acd7711efb6150242ac130006']}}, {'terms': {'kb_id': ['088f01c2cd7711efb36b0242ac130006', '5923c7a8cd6811efb0e00242ac130006', '870d6b52cd7111ef9e010242ac130006']}}], 'should': [{'rank_feature': {'field': 'pagerank_fea', 'linear': {}, 'boost': 10}}]}}, 'sort': [{'page_num_int': {'order': 'asc', 'unmapped_type': 'float', 'mode': 'avg', 'numeric_type': 'double'}}, {'top_int': {'order': 'asc', 'unmapped_type': 'float', 'mode': 'avg', 'numeric_type': 'double'}}, {'create_timestamp_flt': {'order': 'desc', 'unmapped_type': 'float'}}], 'from': 0, 'size': 10, 'timeout': '600s', 'track_total_hits': True}
Traceback (most recent call last):
  File "/ragflow/rag/utils/es_conn.py", line 205, in search
    res = self.es.search(index=indexNames,
  File "/ragflow/.venv/lib/python3.10/site-packages/elasticsearch/_sync/client/utils.py", line 446, in wrapped
    return api(*args, **kwargs)
  File "/ragflow/.venv/lib/python3.10/site-packages/elasticsearch/_sync/client/__init__.py", line 3836, in search
    return self.perform_request(  # type: ignore[return-value]
  File "/ragflow/.venv/lib/python3.10/site-packages/elasticsearch/_sync/client/_base.py", line 320, in perform_request
    raise HTTP_EXCEPTIONS.get(meta.status, ApiError)(
elasticsearch.NotFoundError: NotFoundError(404, 'index_not_found_exception', 'no such index [ragflow_4648d13ccd6811ef93f20242ac130006]', ragflow_4648d13ccd6811ef93f20242ac130006, index_or_alias)
2025-01-08 12:16:16,671 INFO     23 172.19.0.6 - - [08/Jan/2025 12:16:16] "GET /v1/chunk/knowledge_graph?doc_id=1f78118acd7711efb6150242ac130006 HTTP/1.1" 200 -
2025-01-08 12:16:16,672 INFO     23 172.19.0.6 - - [08/Jan/2025 12:16:16] "POST /v1/chunk/list HTTP/1.1" 200 -
2025-01-08 12:16:24,977 INFO     23 172.19.0.6 - - [08/Jan/2025 12:16:24] "GET /v1/llm/list HTTP/1.1" 200 -
2025-01-08 12:16:26,630 INFO     23 172.19.0.6 - - [08/Jan/2025 12:16:26] "GET /v1/document/image/088f01c2cd7711efb36b0242ac130006-thumbnail_1f78118acd7711efb6150242ac130006.png HTTP/1.1" 200 -
2025-01-08 12:16:26,650 INFO     23 172.19.0.6 - - [08/Jan/2025 12:16:26] "GET /v1/user/tenant_info HTTP/1.1" 200 -
2025-01-08 12:16:26,651 INFO     23 172.19.0.6 - - [08/Jan/2025 12:16:26] "GET /v1/document/list?kb_id=088f01c2cd7711efb36b0242ac130006&keywords=&page_size=10&page=1 HTTP/1.1" 200 -
2025-01-08 12:16:37,043 INFO     23 172.19.0.6 - - [08/Jan/2025 12:16:37] "GET /v1/user/info HTTP/1.1" 200 -
2025-01-08 12:16:37,056 INFO     23 172.19.0.6 - - [08/Jan/2025 12:16:37] "GET /v1/user/tenant_info HTTP/1.1" 200 -
2025-01-08 12:16:37,064 INFO     23 172.19.0.6 - - [08/Jan/2025 12:16:37] "GET /v1/kb/detail?kb_id=088f01c2cd7711efb36b0242ac130006 HTTP/1.1" 200 -
2025-01-08 12:16:37,069 INFO     23 172.19.0.6 - - [08/Jan/2025 12:16:37] "GET /v1/document/list?kb_id=088f01c2cd7711efb36b0242ac130006&keywords=&page_size=10&page=1 HTTP/1.1" 200 -
2025-01-08 12:17:28,466 INFO     23 172.19.0.6 - - [08/Jan/2025 12:17:28] "GET /v1/user/tenant_info HTTP/1.1" 200 -
2025-01-08 12:17:28,473 INFO     23 172.19.0.6 - - [08/Jan/2025 12:17:28] "GET /v1/user/info HTTP/1.1" 200 -
2025-01-08 12:17:28,479 INFO     23 172.19.0.6 - - [08/Jan/2025 12:17:28] "GET /v1/document/list?kb_id=088f01c2cd7711efb36b0242ac130006&keywords=&page_size=10&page=1 HTTP/1.1" 200 -
2025-01-08 12:17:28,481 INFO     23 172.19.0.6 - - [08/Jan/2025 12:17:28] "GET /v1/kb/detail?kb_id=088f01c2cd7711efb36b0242ac130006 HTTP/1.1" 200 -
2025-01-08 12:17:43,526 INFO     23 172.19.0.6 - - [08/Jan/2025 12:17:43] "GET /v1/document/list?kb_id=088f01c2cd7711efb36b0242ac130006&keywords=&page_size=10&page=1 HTTP/1.1" 200 -
2025-01-08 12:21:43,192 INFO     23 172.19.0.6 - - [08/Jan/2025 12:21:43] "GET /v1/user/info HTTP/1.1" 200 -
2025-01-08 12:21:43,206 INFO     23 172.19.0.6 - - [08/Jan/2025 12:21:43] "GET /v1/user/tenant_info HTTP/1.1" 200 -
2025-01-08 12:21:43,214 INFO     23 172.19.0.6 - - [08/Jan/2025 12:21:43] "GET /v1/kb/detail?kb_id=088f01c2cd7711efb36b0242ac130006 HTTP/1.1" 200 -
2025-01-08 12:21:43,215 INFO     23 172.19.0.6 - - [08/Jan/2025 12:21:43] "GET /v1/document/list?kb_id=088f01c2cd7711efb36b0242ac130006&keywords=&page_size=10&page=1 HTTP/1.1" 200 -
2025-01-08 12:24:15,438 INFO     22 ragflow_server log path: /ragflow/logs/ragflow_server.log, log levels: {'peewee': 'WARNING', 'pdfminer': 'WARNING', 'root': 'INFO'}
2025-01-08 12:24:21,503 INFO     22 init database on cluster mode successfully
2025-01-08 12:24:28,689 INFO     22 
        ____   ___    ______ ______ __               
       / __ \ /   |  / ____// ____// /____  _      __
      / /_/ // /| | / / __ / /_   / // __ \| | /| / /
     / _, _// ___ |/ /_/ // __/  / // /_/ /| |/ |/ / 
    /_/ |_|/_/  |_|\____//_/    /_/ \____/ |__/|__/                             

    
2025-01-08 12:24:28,690 INFO     22 RAGFlow version: v0.15.1 slim
2025-01-08 12:24:28,691 INFO     22 project base: /ragflow
2025-01-08 12:24:28,692 INFO     22 Current configs, from /ragflow/conf/service_conf.yaml:
	ragflow: {'host': '0.0.0.0', 'http_port': 9380}
	mysql: {'name': 'rag_flow', 'user': 'root', 'password': '********', 'host': 'mysql', 'port': 3306, 'max_connections': 100, 'stale_timeout': 30}
	minio: {'user': 'rag_flow', 'password': '********', 'host': 'minio:9000'}
	es: {'hosts': 'http://es01:9200', 'username': 'elastic', 'password': '********'}
	infinity: {'uri': 'infinity:23817', 'db_name': 'default_db'}
	redis: {'db': 1, 'password': '********', 'host': 'redis:6379'}
2025-01-08 12:24:28,692 INFO     22 Use Elasticsearch http://es01:9200 as the doc engine.
2025-01-08 12:24:28,833 INFO     22 GET http://es01:9200/ [status:200 duration:0.140s]
2025-01-08 12:24:28,841 INFO     22 HEAD http://es01:9200/ [status:200 duration:0.006s]
2025-01-08 12:24:28,842 INFO     22 Elasticsearch http://es01:9200 is healthy.
2025-01-08 12:24:28,846 WARNING  22 Load term.freq FAIL!
2025-01-08 12:24:28,850 WARNING  22 Realtime synonym is disabled, since no redis connection.
2025-01-08 12:24:28,853 WARNING  22 Load term.freq FAIL!
2025-01-08 12:24:28,857 WARNING  22 Realtime synonym is disabled, since no redis connection.
2025-01-08 12:24:28,857 INFO     22 MAX_CONTENT_LENGTH: 134217728
2025-01-08 12:24:28,858 INFO     22 SERVER_QUEUE_MAX_LEN: 1024
2025-01-08 12:24:28,859 INFO     22 SERVER_QUEUE_RETENTION: 3600
2025-01-08 12:24:28,859 INFO     22 MAX_FILE_COUNT_PER_USER: 0
2025-01-08 12:24:30,823 INFO     22 init web data success:1.7006645202636719
2025-01-08 12:24:30,825 INFO     22 RAGFlow HTTP server start...
2025-01-08 12:24:30,827 INFO     22 [31m[1mWARNING: This is a development server. Do not use it in a production deployment. Use a production WSGI server instead.[0m
 * Running on all addresses (0.0.0.0)
 * Running on http://127.0.0.1:9380
 * Running on http://172.19.0.6:9380
2025-01-08 12:24:30,827 INFO     22 [33mPress CTRL+C to quit[0m
